
===========================================================================
report_checks -path_delay min (Hold)
============================================================================
======================= Fastest Corner ===================================

Startpoint: A[6] (input port clocked by __VIRTUAL_CLK__)
Endpoint: out[6] (output port clocked by __VIRTUAL_CLK__)
Path Group: __VIRTUAL_CLK__
Path Type: min
Corner: Fastest

Fanout     Cap    Slew   Delay    Time   Description
-----------------------------------------------------------------------------
                  0.00    0.00    0.00   clock __VIRTUAL_CLK__ (rise edge)
                          0.00    0.00   clock network delay (ideal)
                          2.00    2.00 ^ input external delay
     1    0.01    0.03    0.02    2.02 ^ A[6] (in)
                                         A[6] (net)
                  0.03    0.00    2.02 ^ input7/A (sky130_fd_sc_hd__buf_8)
    10    0.15    0.18    0.15    2.17 ^ input7/X (sky130_fd_sc_hd__buf_8)
                                         net7 (net)
                  0.18    0.01    2.18 ^ _453_/A1 (sky130_fd_sc_hd__a22oi_4)
     1    0.06    0.09    0.11    2.29 v _453_/Y (sky130_fd_sc_hd__a22oi_4)
                                         net26 (net)
                  0.09    0.01    2.30 v output26/A (sky130_fd_sc_hd__buf_6)
     1    0.03    0.03    0.11    2.41 v output26/X (sky130_fd_sc_hd__buf_6)
                                         out[6] (net)
                  0.03    0.00    2.41 v out[6] (out)
                                  2.41   data arrival time

                  0.00    0.00    0.00   clock __VIRTUAL_CLK__ (rise edge)
                          0.00    0.00   clock network delay (ideal)
                          0.25    0.25   clock uncertainty
                          0.00    0.25   clock reconvergence pessimism
                         -2.00   -1.75   output external delay
                                 -1.75   data required time
-----------------------------------------------------------------------------
                                 -1.75   data required time
                                 -2.41   data arrival time
-----------------------------------------------------------------------------
                                  4.16   slack (MET)


Startpoint: A[5] (input port clocked by __VIRTUAL_CLK__)
Endpoint: out[5] (output port clocked by __VIRTUAL_CLK__)
Path Group: __VIRTUAL_CLK__
Path Type: min
Corner: Fastest

Fanout     Cap    Slew   Delay    Time   Description
-----------------------------------------------------------------------------
                  0.00    0.00    0.00   clock __VIRTUAL_CLK__ (rise edge)
                          0.00    0.00   clock network delay (ideal)
                          2.00    2.00 ^ input external delay
     1    0.00    0.02    0.01    2.01 ^ A[5] (in)
                                         A[5] (net)
                  0.02    0.00    2.01 ^ input6/A (sky130_fd_sc_hd__buf_4)
     4    0.08    0.18    0.15    2.16 ^ input6/X (sky130_fd_sc_hd__buf_4)
                                         net6 (net)
                  0.18    0.01    2.17 ^ clone33/A (sky130_fd_sc_hd__clkbuf_16)
     5    0.07    0.07    0.14    2.31 ^ clone33/X (sky130_fd_sc_hd__clkbuf_16)
                                         net62 (net)
                  0.07    0.00    2.31 ^ _410_/A1 (sky130_fd_sc_hd__a21oi_4)
     1    0.04    0.06    0.06    2.38 v _410_/Y (sky130_fd_sc_hd__a21oi_4)
                                         net25 (net)
                  0.06    0.01    2.38 v output25/A (sky130_fd_sc_hd__buf_6)
     1    0.03    0.03    0.10    2.48 v output25/X (sky130_fd_sc_hd__buf_6)
                                         out[5] (net)
                  0.03    0.00    2.48 v out[5] (out)
                                  2.48   data arrival time

                  0.00    0.00    0.00   clock __VIRTUAL_CLK__ (rise edge)
                          0.00    0.00   clock network delay (ideal)
                          0.25    0.25   clock uncertainty
                          0.00    0.25   clock reconvergence pessimism
                         -2.00   -1.75   output external delay
                                 -1.75   data required time
-----------------------------------------------------------------------------
                                 -1.75   data required time
                                 -2.48   data arrival time
-----------------------------------------------------------------------------
                                  4.23   slack (MET)


Startpoint: A[7] (input port clocked by __VIRTUAL_CLK__)
Endpoint: out[7] (output port clocked by __VIRTUAL_CLK__)
Path Group: __VIRTUAL_CLK__
Path Type: min
Corner: Fastest

Fanout     Cap    Slew   Delay    Time   Description
-----------------------------------------------------------------------------
                  0.00    0.00    0.00   clock __VIRTUAL_CLK__ (rise edge)
                          0.00    0.00   clock network delay (ideal)
                          2.00    2.00 v input external delay
     1    0.00    0.00    0.00    2.00 v A[7] (in)
                                         A[7] (net)
                  0.00    0.00    2.00 v input8/A (sky130_fd_sc_hd__buf_4)
     7    0.08    0.08    0.12    2.12 v input8/X (sky130_fd_sc_hd__buf_4)
                                         net8 (net)
                  0.08    0.00    2.13 v _502_/A (sky130_fd_sc_hd__inv_2)
     1    0.05    0.17    0.15    2.27 ^ _502_/Y (sky130_fd_sc_hd__inv_2)
                                         _179_ (net)
                  0.17    0.00    2.28 ^ _503_/B2 (sky130_fd_sc_hd__o32a_4)
     1    0.05    0.11    0.14    2.42 ^ _503_/X (sky130_fd_sc_hd__o32a_4)
                                         net27 (net)
                  0.11    0.00    2.42 ^ output27/A (sky130_fd_sc_hd__buf_8)
     1    0.03    0.05    0.09    2.51 ^ output27/X (sky130_fd_sc_hd__buf_8)
                                         out[7] (net)
                  0.05    0.00    2.51 ^ out[7] (out)
                                  2.51   data arrival time

                  0.00    0.00    0.00   clock __VIRTUAL_CLK__ (rise edge)
                          0.00    0.00   clock network delay (ideal)
                          0.25    0.25   clock uncertainty
                          0.00    0.25   clock reconvergence pessimism
                         -2.00   -1.75   output external delay
                                 -1.75   data required time
-----------------------------------------------------------------------------
                                 -1.75   data required time
                                 -2.51   data arrival time
-----------------------------------------------------------------------------
                                  4.26   slack (MET)


Startpoint: A[4] (input port clocked by __VIRTUAL_CLK__)
Endpoint: out[4] (output port clocked by __VIRTUAL_CLK__)
Path Group: __VIRTUAL_CLK__
Path Type: min
Corner: Fastest

Fanout     Cap    Slew   Delay    Time   Description
-----------------------------------------------------------------------------
                  0.00    0.00    0.00   clock __VIRTUAL_CLK__ (rise edge)
                          0.00    0.00   clock network delay (ideal)
                          2.00    2.00 ^ input external delay
     1    0.00    0.02    0.01    2.01 ^ A[4] (in)
                                         A[4] (net)
                  0.02    0.00    2.01 ^ input5/A (sky130_fd_sc_hd__buf_4)
     4    0.06    0.13    0.13    2.14 ^ input5/X (sky130_fd_sc_hd__buf_4)
                                         net5 (net)
                  0.13    0.00    2.14 ^ _340_/A (sky130_fd_sc_hd__buf_8)
    10    0.12    0.15    0.15    2.29 ^ _340_/X (sky130_fd_sc_hd__buf_8)
                                         _019_ (net)
                  0.15    0.01    2.30 ^ _373_/A1_N (sky130_fd_sc_hd__o2bb2a_1)
     1    0.02    0.06    0.17    2.47 v _373_/X (sky130_fd_sc_hd__o2bb2a_1)
                                         net24 (net)
                  0.06    0.00    2.47 v output24/A (sky130_fd_sc_hd__buf_2)
     1    0.03    0.06    0.12    2.60 v output24/X (sky130_fd_sc_hd__buf_2)
                                         out[4] (net)
                  0.06    0.00    2.60 v out[4] (out)
                                  2.60   data arrival time

                  0.00    0.00    0.00   clock __VIRTUAL_CLK__ (rise edge)
                          0.00    0.00   clock network delay (ideal)
                          0.25    0.25   clock uncertainty
                          0.00    0.25   clock reconvergence pessimism
                         -2.00   -1.75   output external delay
                                 -1.75   data required time
-----------------------------------------------------------------------------
                                 -1.75   data required time
                                 -2.60   data arrival time
-----------------------------------------------------------------------------
                                  4.35   slack (MET)


Startpoint: opcode[2] (input port clocked by __VIRTUAL_CLK__)
Endpoint: out[0] (output port clocked by __VIRTUAL_CLK__)
Path Group: __VIRTUAL_CLK__
Path Type: min
Corner: Fastest

Fanout     Cap    Slew   Delay    Time   Description
-----------------------------------------------------------------------------
                  0.00    0.00    0.00   clock __VIRTUAL_CLK__ (rise edge)
                          0.00    0.00   clock network delay (ideal)
                          2.00    2.00 ^ input external delay
     1    0.01    0.02    0.01    2.01 ^ opcode[2] (in)
                                         opcode[2] (net)
                  0.02    0.00    2.01 ^ input19/A (sky130_fd_sc_hd__clkbuf_8)
     8    0.12    0.16    0.15    2.16 ^ input19/X (sky130_fd_sc_hd__clkbuf_8)
                                         net19 (net)
                  0.16    0.02    2.18 ^ _250_/A (sky130_fd_sc_hd__or2_2)
     3    0.05    0.19    0.19    2.38 ^ _250_/X (sky130_fd_sc_hd__or2_2)
                                         _181_ (net)
                  0.19    0.01    2.39 ^ _262_/A2_N (sky130_fd_sc_hd__a2bb2o_1)
     1    0.00    0.03    0.13    2.51 v _262_/X (sky130_fd_sc_hd__a2bb2o_1)
                                         net20 (net)
                  0.03    0.00    2.51 v output20/A (sky130_fd_sc_hd__buf_2)
     1    0.03    0.06    0.11    2.63 v output20/X (sky130_fd_sc_hd__buf_2)
                                         out[0] (net)
                  0.06    0.00    2.63 v out[0] (out)
                                  2.63   data arrival time

                  0.00    0.00    0.00   clock __VIRTUAL_CLK__ (rise edge)
                          0.00    0.00   clock network delay (ideal)
                          0.25    0.25   clock uncertainty
                          0.00    0.25   clock reconvergence pessimism
                         -2.00   -1.75   output external delay
                                 -1.75   data required time
-----------------------------------------------------------------------------
                                 -1.75   data required time
                                 -2.63   data arrival time
-----------------------------------------------------------------------------
                                  4.38   slack (MET)


Startpoint: A[3] (input port clocked by __VIRTUAL_CLK__)
Endpoint: out[3] (output port clocked by __VIRTUAL_CLK__)
Path Group: __VIRTUAL_CLK__
Path Type: min
Corner: Fastest

Fanout     Cap    Slew   Delay    Time   Description
-----------------------------------------------------------------------------
                  0.00    0.00    0.00   clock __VIRTUAL_CLK__ (rise edge)
                          0.00    0.00   clock network delay (ideal)
                          2.00    2.00 ^ input external delay
     1    0.01    0.02    0.01    2.01 ^ A[3] (in)
                                         A[3] (net)
                  0.02    0.00    2.01 ^ input4/A (sky130_fd_sc_hd__buf_6)
     8    0.10    0.16    0.14    2.15 ^ input4/X (sky130_fd_sc_hd__buf_6)
                                         net4 (net)
                  0.16    0.02    2.17 ^ _310_/A (sky130_fd_sc_hd__buf_12)
    10    0.13    0.12    0.12    2.29 ^ _310_/X (sky130_fd_sc_hd__buf_12)
                                         _238_ (net)
                  0.14    0.03    2.33 ^ _339_/A1_N (sky130_fd_sc_hd__o2bb2a_2)
     1    0.04    0.08    0.18    2.51 v _339_/X (sky130_fd_sc_hd__o2bb2a_2)
                                         net23 (net)
                  0.08    0.00    2.52 v output23/A (sky130_fd_sc_hd__buf_2)
     1    0.03    0.06    0.13    2.64 v output23/X (sky130_fd_sc_hd__buf_2)
                                         out[3] (net)
                  0.06    0.00    2.65 v out[3] (out)
                                  2.65   data arrival time

                  0.00    0.00    0.00   clock __VIRTUAL_CLK__ (rise edge)
                          0.00    0.00   clock network delay (ideal)
                          0.25    0.25   clock uncertainty
                          0.00    0.25   clock reconvergence pessimism
                         -2.00   -1.75   output external delay
                                 -1.75   data required time
-----------------------------------------------------------------------------
                                 -1.75   data required time
                                 -2.65   data arrival time
-----------------------------------------------------------------------------
                                  4.40   slack (MET)


Startpoint: A[2] (input port clocked by __VIRTUAL_CLK__)
Endpoint: out[2] (output port clocked by __VIRTUAL_CLK__)
Path Group: __VIRTUAL_CLK__
Path Type: min
Corner: Fastest

Fanout     Cap    Slew   Delay    Time   Description
-----------------------------------------------------------------------------
                  0.00    0.00    0.00   clock __VIRTUAL_CLK__ (rise edge)
                          0.00    0.00   clock network delay (ideal)
                          2.00    2.00 ^ input external delay
     1    0.01    0.02    0.01    2.01 ^ A[2] (in)
                                         A[2] (net)
                  0.02    0.00    2.01 ^ input3/A (sky130_fd_sc_hd__buf_6)
     9    0.11    0.17    0.14    2.15 ^ input3/X (sky130_fd_sc_hd__buf_6)
                                         net3 (net)
                  0.18    0.03    2.18 ^ _288_/A (sky130_fd_sc_hd__clkbuf_8)
    11    0.13    0.17    0.19    2.37 ^ _288_/X (sky130_fd_sc_hd__clkbuf_8)
                                         _217_ (net)
                  0.17    0.02    2.39 ^ _309_/A1_N (sky130_fd_sc_hd__o2bb2a_1)
     1    0.02    0.07    0.18    2.57 v _309_/X (sky130_fd_sc_hd__o2bb2a_1)
                                         net22 (net)
                  0.07    0.00    2.57 v output22/A (sky130_fd_sc_hd__buf_2)
     1    0.03    0.06    0.13    2.70 v output22/X (sky130_fd_sc_hd__buf_2)
                                         out[2] (net)
                  0.06    0.00    2.70 v out[2] (out)
                                  2.70   data arrival time

                  0.00    0.00    0.00   clock __VIRTUAL_CLK__ (rise edge)
                          0.00    0.00   clock network delay (ideal)
                          0.25    0.25   clock uncertainty
                          0.00    0.25   clock reconvergence pessimism
                         -2.00   -1.75   output external delay
                                 -1.75   data required time
-----------------------------------------------------------------------------
                                 -1.75   data required time
                                 -2.70   data arrival time
-----------------------------------------------------------------------------
                                  4.45   slack (MET)


Startpoint: A[1] (input port clocked by __VIRTUAL_CLK__)
Endpoint: out[1] (output port clocked by __VIRTUAL_CLK__)
Path Group: __VIRTUAL_CLK__
Path Type: min
Corner: Fastest

Fanout     Cap    Slew   Delay    Time   Description
-----------------------------------------------------------------------------
                  0.00    0.00    0.00   clock __VIRTUAL_CLK__ (rise edge)
                          0.00    0.00   clock network delay (ideal)
                          2.00    2.00 ^ input external delay
     1    0.01    0.03    0.02    2.02 ^ A[1] (in)
                                         A[1] (net)
                  0.03    0.00    2.02 ^ input2/A (sky130_fd_sc_hd__buf_8)
    10    0.12    0.15    0.13    2.15 ^ input2/X (sky130_fd_sc_hd__buf_8)
                                         net2 (net)
                  0.16    0.02    2.17 ^ _263_/A (sky130_fd_sc_hd__buf_4)
    10    0.12    0.25    0.23    2.40 ^ _263_/X (sky130_fd_sc_hd__buf_4)
                                         _193_ (net)
                  0.25    0.01    2.41 ^ _287_/A1_N (sky130_fd_sc_hd__o2bb2a_1)
     2    0.03    0.11    0.21    2.61 v _287_/X (sky130_fd_sc_hd__o2bb2a_1)
                                         net21 (net)
                  0.11    0.00    2.62 v output21/A (sky130_fd_sc_hd__buf_2)
     1    0.03    0.06    0.14    2.76 v output21/X (sky130_fd_sc_hd__buf_2)
                                         out[1] (net)
                  0.06    0.00    2.76 v out[1] (out)
                                  2.76   data arrival time

                  0.00    0.00    0.00   clock __VIRTUAL_CLK__ (rise edge)
                          0.00    0.00   clock network delay (ideal)
                          0.25    0.25   clock uncertainty
                          0.00    0.25   clock reconvergence pessimism
                         -2.00   -1.75   output external delay
                                 -1.75   data required time
-----------------------------------------------------------------------------
                                 -1.75   data required time
                                 -2.76   data arrival time
-----------------------------------------------------------------------------
                                  4.51   slack (MET)



worst slack corner Fastest: 4.1569
======================= Slowest Corner ===================================

Startpoint: A[6] (input port clocked by __VIRTUAL_CLK__)
Endpoint: out[6] (output port clocked by __VIRTUAL_CLK__)
Path Group: __VIRTUAL_CLK__
Path Type: min
Corner: Slowest

Fanout     Cap    Slew   Delay    Time   Description
-----------------------------------------------------------------------------
                  0.00    0.00    0.00   clock __VIRTUAL_CLK__ (rise edge)
                          0.00    0.00   clock network delay (ideal)
                          2.00    2.00 ^ input external delay
     1    0.01    0.07    0.04    2.04 ^ A[6] (in)
                                         A[6] (net)
                  0.07    0.00    2.04 ^ input7/A (sky130_fd_sc_hd__buf_8)
    10    0.15    0.38    0.36    2.40 ^ input7/X (sky130_fd_sc_hd__buf_8)
                                         net7 (net)
                  0.38    0.01    2.41 ^ _453_/A1 (sky130_fd_sc_hd__a22oi_4)
     1    0.06    0.29    0.40    2.82 v _453_/Y (sky130_fd_sc_hd__a22oi_4)
                                         net26 (net)
                  0.29    0.01    2.82 v output26/A (sky130_fd_sc_hd__buf_6)
     1    0.03    0.08    0.33    3.15 v output26/X (sky130_fd_sc_hd__buf_6)
                                         out[6] (net)
                  0.08    0.00    3.16 v out[6] (out)
                                  3.16   data arrival time

                  0.00    0.00    0.00   clock __VIRTUAL_CLK__ (rise edge)
                          0.00    0.00   clock network delay (ideal)
                          0.25    0.25   clock uncertainty
                          0.00    0.25   clock reconvergence pessimism
                         -2.00   -1.75   output external delay
                                 -1.75   data required time
-----------------------------------------------------------------------------
                                 -1.75   data required time
                                 -3.16   data arrival time
-----------------------------------------------------------------------------
                                  4.91   slack (MET)


Startpoint: A[5] (input port clocked by __VIRTUAL_CLK__)
Endpoint: out[5] (output port clocked by __VIRTUAL_CLK__)
Path Group: __VIRTUAL_CLK__
Path Type: min
Corner: Slowest

Fanout     Cap    Slew   Delay    Time   Description
-----------------------------------------------------------------------------
                  0.00    0.00    0.00   clock __VIRTUAL_CLK__ (rise edge)
                          0.00    0.00   clock network delay (ideal)
                          2.00    2.00 ^ input external delay
     1    0.00    0.03    0.02    2.02 ^ A[5] (in)
                                         A[5] (net)
                  0.03    0.00    2.02 ^ input6/A (sky130_fd_sc_hd__buf_4)
     4    0.08    0.37    0.38    2.40 ^ input6/X (sky130_fd_sc_hd__buf_4)
                                         net6 (net)
                  0.37    0.01    2.41 ^ clone33/A (sky130_fd_sc_hd__clkbuf_16)
     5    0.07    0.14    0.39    2.80 ^ clone33/X (sky130_fd_sc_hd__clkbuf_16)
                                         net62 (net)
                  0.14    0.00    2.81 ^ _410_/A1 (sky130_fd_sc_hd__a21oi_4)
     1    0.04    0.15    0.22    3.02 v _410_/Y (sky130_fd_sc_hd__a21oi_4)
                                         net25 (net)
                  0.16    0.01    3.03 v output25/A (sky130_fd_sc_hd__buf_6)
     1    0.03    0.08    0.27    3.30 v output25/X (sky130_fd_sc_hd__buf_6)
                                         out[5] (net)
                  0.08    0.00    3.30 v out[5] (out)
                                  3.30   data arrival time

                  0.00    0.00    0.00   clock __VIRTUAL_CLK__ (rise edge)
                          0.00    0.00   clock network delay (ideal)
                          0.25    0.25   clock uncertainty
                          0.00    0.25   clock reconvergence pessimism
                         -2.00   -1.75   output external delay
                                 -1.75   data required time
-----------------------------------------------------------------------------
                                 -1.75   data required time
                                 -3.30   data arrival time
-----------------------------------------------------------------------------
                                  5.05   slack (MET)


Startpoint: A[7] (input port clocked by __VIRTUAL_CLK__)
Endpoint: out[7] (output port clocked by __VIRTUAL_CLK__)
Path Group: __VIRTUAL_CLK__
Path Type: min
Corner: Slowest

Fanout     Cap    Slew   Delay    Time   Description
-----------------------------------------------------------------------------
                  0.00    0.00    0.00   clock __VIRTUAL_CLK__ (rise edge)
                          0.00    0.00   clock network delay (ideal)
                          2.00    2.00 v input external delay
     1    0.00    0.02    0.01    2.01 v A[7] (in)
                                         A[7] (net)
                  0.02    0.00    2.01 v input8/A (sky130_fd_sc_hd__buf_4)
     7    0.08    0.21    0.34    2.35 v input8/X (sky130_fd_sc_hd__buf_4)
                                         net8 (net)
                  0.21    0.00    2.35 v _502_/A (sky130_fd_sc_hd__inv_2)
     1    0.05    0.36    0.35    2.70 ^ _502_/Y (sky130_fd_sc_hd__inv_2)
                                         _179_ (net)
                  0.36    0.00    2.70 ^ _503_/B2 (sky130_fd_sc_hd__o32a_4)
     1    0.05    0.23    0.52    3.22 ^ _503_/X (sky130_fd_sc_hd__o32a_4)
                                         net27 (net)
                  0.23    0.00    3.22 ^ output27/A (sky130_fd_sc_hd__buf_8)
     1    0.03    0.10    0.26    3.48 ^ output27/X (sky130_fd_sc_hd__buf_8)
                                         out[7] (net)
                  0.10    0.00    3.48 ^ out[7] (out)
                                  3.48   data arrival time

                  0.00    0.00    0.00   clock __VIRTUAL_CLK__ (rise edge)
                          0.00    0.00   clock network delay (ideal)
                          0.25    0.25   clock uncertainty
                          0.00    0.25   clock reconvergence pessimism
                         -2.00   -1.75   output external delay
                                 -1.75   data required time
-----------------------------------------------------------------------------
                                 -1.75   data required time
                                 -3.48   data arrival time
-----------------------------------------------------------------------------
                                  5.23   slack (MET)


Startpoint: A[4] (input port clocked by __VIRTUAL_CLK__)
Endpoint: out[4] (output port clocked by __VIRTUAL_CLK__)
Path Group: __VIRTUAL_CLK__
Path Type: min
Corner: Slowest

Fanout     Cap    Slew   Delay    Time   Description
-----------------------------------------------------------------------------
                  0.00    0.00    0.00   clock __VIRTUAL_CLK__ (rise edge)
                          0.00    0.00   clock network delay (ideal)
                          2.00    2.00 v input external delay
     1    0.00    0.02    0.01    2.01 v A[4] (in)
                                         A[4] (net)
                  0.02    0.00    2.01 v input5/A (sky130_fd_sc_hd__buf_4)
     4    0.06    0.15    0.30    2.31 v input5/X (sky130_fd_sc_hd__buf_4)
                                         net5 (net)
                  0.15    0.00    2.32 v _340_/A (sky130_fd_sc_hd__buf_8)
    10    0.12    0.16    0.33    2.65 v _340_/X (sky130_fd_sc_hd__buf_8)
                                         _019_ (net)
                  0.16    0.01    2.66 v _373_/A1_N (sky130_fd_sc_hd__o2bb2a_1)
     1    0.02    0.26    0.62    3.28 ^ _373_/X (sky130_fd_sc_hd__o2bb2a_1)
                                         net24 (net)
                  0.26    0.00    3.28 ^ output24/A (sky130_fd_sc_hd__buf_2)
     1    0.03    0.27    0.41    3.69 ^ output24/X (sky130_fd_sc_hd__buf_2)
                                         out[4] (net)
                  0.27    0.00    3.69 ^ out[4] (out)
                                  3.69   data arrival time

                  0.00    0.00    0.00   clock __VIRTUAL_CLK__ (rise edge)
                          0.00    0.00   clock network delay (ideal)
                          0.25    0.25   clock uncertainty
                          0.00    0.25   clock reconvergence pessimism
                         -2.00   -1.75   output external delay
                                 -1.75   data required time
-----------------------------------------------------------------------------
                                 -1.75   data required time
                                 -3.69   data arrival time
-----------------------------------------------------------------------------
                                  5.44   slack (MET)


Startpoint: A[0] (input port clocked by __VIRTUAL_CLK__)
Endpoint: out[0] (output port clocked by __VIRTUAL_CLK__)
Path Group: __VIRTUAL_CLK__
Path Type: min
Corner: Slowest

Fanout     Cap    Slew   Delay    Time   Description
-----------------------------------------------------------------------------
                  0.00    0.00    0.00   clock __VIRTUAL_CLK__ (rise edge)
                          0.00    0.00   clock network delay (ideal)
                          2.00    2.00 v input external delay
     1    0.01    0.03    0.02    2.02 v A[0] (in)
                                         A[0] (net)
                  0.03    0.00    2.02 v input1/A (sky130_fd_sc_hd__buf_6)
     9    0.13    0.21    0.31    2.32 v input1/X (sky130_fd_sc_hd__buf_6)
                                         net1 (net)
                  0.21    0.02    2.34 v _248_/A (sky130_fd_sc_hd__clkbuf_8)
    11    0.13    0.24    0.43    2.77 v _248_/X (sky130_fd_sc_hd__clkbuf_8)
                                         _176_ (net)
                  0.24    0.03    2.80 v _262_/A1_N (sky130_fd_sc_hd__a2bb2o_1)
     1    0.00    0.10    0.57    3.37 ^ _262_/X (sky130_fd_sc_hd__a2bb2o_1)
                                         net20 (net)
                  0.10    0.00    3.37 ^ output20/A (sky130_fd_sc_hd__buf_2)
     1    0.03    0.27    0.34    3.71 ^ output20/X (sky130_fd_sc_hd__buf_2)
                                         out[0] (net)
                  0.27    0.00    3.71 ^ out[0] (out)
                                  3.71   data arrival time

                  0.00    0.00    0.00   clock __VIRTUAL_CLK__ (rise edge)
                          0.00    0.00   clock network delay (ideal)
                          0.25    0.25   clock uncertainty
                          0.00    0.25   clock reconvergence pessimism
                         -2.00   -1.75   output external delay
                                 -1.75   data required time
-----------------------------------------------------------------------------
                                 -1.75   data required time
                                 -3.71   data arrival time
-----------------------------------------------------------------------------
                                  5.46   slack (MET)


Startpoint: A[3] (input port clocked by __VIRTUAL_CLK__)
Endpoint: out[3] (output port clocked by __VIRTUAL_CLK__)
Path Group: __VIRTUAL_CLK__
Path Type: min
Corner: Slowest

Fanout     Cap    Slew   Delay    Time   Description
-----------------------------------------------------------------------------
                  0.00    0.00    0.00   clock __VIRTUAL_CLK__ (rise edge)
                          0.00    0.00   clock network delay (ideal)
                          2.00    2.00 v input external delay
     1    0.01    0.03    0.02    2.02 v A[3] (in)
                                         A[3] (net)
                  0.03    0.00    2.02 v input4/A (sky130_fd_sc_hd__buf_6)
     8    0.10    0.17    0.28    2.30 v input4/X (sky130_fd_sc_hd__buf_6)
                                         net4 (net)
                  0.18    0.02    2.32 v _310_/A (sky130_fd_sc_hd__buf_12)
    10    0.13    0.13    0.32    2.64 v _310_/X (sky130_fd_sc_hd__buf_12)
                                         _238_ (net)
                  0.15    0.03    2.67 v _339_/A1_N (sky130_fd_sc_hd__o2bb2a_2)
     1    0.04    0.34    0.70    3.37 ^ _339_/X (sky130_fd_sc_hd__o2bb2a_2)
                                         net23 (net)
                  0.34    0.00    3.38 ^ output23/A (sky130_fd_sc_hd__buf_2)
     1    0.03    0.27    0.44    3.81 ^ output23/X (sky130_fd_sc_hd__buf_2)
                                         out[3] (net)
                  0.27    0.00    3.81 ^ out[3] (out)
                                  3.81   data arrival time

                  0.00    0.00    0.00   clock __VIRTUAL_CLK__ (rise edge)
                          0.00    0.00   clock network delay (ideal)
                          0.25    0.25   clock uncertainty
                          0.00    0.25   clock reconvergence pessimism
                         -2.00   -1.75   output external delay
                                 -1.75   data required time
-----------------------------------------------------------------------------
                                 -1.75   data required time
                                 -3.81   data arrival time
-----------------------------------------------------------------------------
                                  5.56   slack (MET)


Startpoint: A[2] (input port clocked by __VIRTUAL_CLK__)
Endpoint: out[2] (output port clocked by __VIRTUAL_CLK__)
Path Group: __VIRTUAL_CLK__
Path Type: min
Corner: Slowest

Fanout     Cap    Slew   Delay    Time   Description
-----------------------------------------------------------------------------
                  0.00    0.00    0.00   clock __VIRTUAL_CLK__ (rise edge)
                          0.00    0.00   clock network delay (ideal)
                          2.00    2.00 v input external delay
     1    0.01    0.03    0.02    2.02 v A[2] (in)
                                         A[2] (net)
                  0.03    0.00    2.02 v input3/A (sky130_fd_sc_hd__buf_6)
     9    0.11    0.19    0.28    2.30 v input3/X (sky130_fd_sc_hd__buf_6)
                                         net3 (net)
                  0.19    0.03    2.33 v _288_/A (sky130_fd_sc_hd__clkbuf_8)
    11    0.12    0.24    0.42    2.75 v _288_/X (sky130_fd_sc_hd__clkbuf_8)
                                         _217_ (net)
                  0.24    0.02    2.77 v _309_/A1_N (sky130_fd_sc_hd__o2bb2a_1)
     1    0.02    0.30    0.69    3.46 ^ _309_/X (sky130_fd_sc_hd__o2bb2a_1)
                                         net22 (net)
                  0.30    0.00    3.46 ^ output22/A (sky130_fd_sc_hd__buf_2)
     1    0.03    0.27    0.42    3.88 ^ output22/X (sky130_fd_sc_hd__buf_2)
                                         out[2] (net)
                  0.27    0.00    3.88 ^ out[2] (out)
                                  3.88   data arrival time

                  0.00    0.00    0.00   clock __VIRTUAL_CLK__ (rise edge)
                          0.00    0.00   clock network delay (ideal)
                          0.25    0.25   clock uncertainty
                          0.00    0.25   clock reconvergence pessimism
                         -2.00   -1.75   output external delay
                                 -1.75   data required time
-----------------------------------------------------------------------------
                                 -1.75   data required time
                                 -3.88   data arrival time
-----------------------------------------------------------------------------
                                  5.63   slack (MET)


Startpoint: A[1] (input port clocked by __VIRTUAL_CLK__)
Endpoint: out[1] (output port clocked by __VIRTUAL_CLK__)
Path Group: __VIRTUAL_CLK__
Path Type: min
Corner: Slowest

Fanout     Cap    Slew   Delay    Time   Description
-----------------------------------------------------------------------------
                  0.00    0.00    0.00   clock __VIRTUAL_CLK__ (rise edge)
                          0.00    0.00   clock network delay (ideal)
                          2.00    2.00 v input external delay
     1    0.01    0.04    0.02    2.02 v A[1] (in)
                                         A[1] (net)
                  0.04    0.00    2.02 v input2/A (sky130_fd_sc_hd__buf_8)
    10    0.12    0.16    0.27    2.29 v input2/X (sky130_fd_sc_hd__buf_8)
                                         net2 (net)
                  0.17    0.02    2.32 v _263_/A (sky130_fd_sc_hd__buf_4)
    10    0.12    0.26    0.45    2.77 v _263_/X (sky130_fd_sc_hd__buf_4)
                                         _193_ (net)
                  0.26    0.01    2.78 v _287_/A1_N (sky130_fd_sc_hd__o2bb2a_1)
     2    0.03    0.47    0.81    3.59 ^ _287_/X (sky130_fd_sc_hd__o2bb2a_1)
                                         net21 (net)
                  0.47    0.00    3.60 ^ output21/A (sky130_fd_sc_hd__buf_2)
     1    0.03    0.27    0.48    4.08 ^ output21/X (sky130_fd_sc_hd__buf_2)
                                         out[1] (net)
                  0.27    0.00    4.08 ^ out[1] (out)
                                  4.08   data arrival time

                  0.00    0.00    0.00   clock __VIRTUAL_CLK__ (rise edge)
                          0.00    0.00   clock network delay (ideal)
                          0.25    0.25   clock uncertainty
                          0.00    0.25   clock reconvergence pessimism
                         -2.00   -1.75   output external delay
                                 -1.75   data required time
-----------------------------------------------------------------------------
                                 -1.75   data required time
                                 -4.08   data arrival time
-----------------------------------------------------------------------------
                                  5.83   slack (MET)



worst slack corner Slowest: 4.9062
======================= Typical Corner ===================================

Startpoint: A[6] (input port clocked by __VIRTUAL_CLK__)
Endpoint: out[6] (output port clocked by __VIRTUAL_CLK__)
Path Group: __VIRTUAL_CLK__
Path Type: min
Corner: Typical

Fanout     Cap    Slew   Delay    Time   Description
-----------------------------------------------------------------------------
                  0.00    0.00    0.00   clock __VIRTUAL_CLK__ (rise edge)
                          0.00    0.00   clock network delay (ideal)
                          2.00    2.00 ^ input external delay
     1    0.01    0.04    0.03    2.03 ^ A[6] (in)
                                         A[6] (net)
                  0.04    0.00    2.03 ^ input7/A (sky130_fd_sc_hd__buf_8)
    10    0.15    0.24    0.21    2.24 ^ input7/X (sky130_fd_sc_hd__buf_8)
                                         net7 (net)
                  0.24    0.01    2.25 ^ _453_/A1 (sky130_fd_sc_hd__a22oi_4)
     1    0.06    0.15    0.20    2.44 v _453_/Y (sky130_fd_sc_hd__a22oi_4)
                                         net26 (net)
                  0.15    0.01    2.45 v output26/A (sky130_fd_sc_hd__buf_6)
     1    0.03    0.04    0.17    2.62 v output26/X (sky130_fd_sc_hd__buf_6)
                                         out[6] (net)
                  0.04    0.00    2.62 v out[6] (out)
                                  2.62   data arrival time

                  0.00    0.00    0.00   clock __VIRTUAL_CLK__ (rise edge)
                          0.00    0.00   clock network delay (ideal)
                          0.25    0.25   clock uncertainty
                          0.00    0.25   clock reconvergence pessimism
                         -2.00   -1.75   output external delay
                                 -1.75   data required time
-----------------------------------------------------------------------------
                                 -1.75   data required time
                                 -2.62   data arrival time
-----------------------------------------------------------------------------
                                  4.37   slack (MET)


Startpoint: A[5] (input port clocked by __VIRTUAL_CLK__)
Endpoint: out[5] (output port clocked by __VIRTUAL_CLK__)
Path Group: __VIRTUAL_CLK__
Path Type: min
Corner: Typical

Fanout     Cap    Slew   Delay    Time   Description
-----------------------------------------------------------------------------
                  0.00    0.00    0.00   clock __VIRTUAL_CLK__ (rise edge)
                          0.00    0.00   clock network delay (ideal)
                          2.00    2.00 ^ input external delay
     1    0.00    0.02    0.01    2.01 ^ A[5] (in)
                                         A[5] (net)
                  0.02    0.00    2.01 ^ input6/A (sky130_fd_sc_hd__buf_4)
     4    0.08    0.23    0.22    2.23 ^ input6/X (sky130_fd_sc_hd__buf_4)
                                         net6 (net)
                  0.23    0.01    2.24 ^ clone33/A (sky130_fd_sc_hd__clkbuf_16)
     5    0.07    0.09    0.22    2.46 ^ clone33/X (sky130_fd_sc_hd__clkbuf_16)
                                         net62 (net)
                  0.09    0.00    2.46 ^ _410_/A1 (sky130_fd_sc_hd__a21oi_4)
     1    0.04    0.10    0.10    2.56 v _410_/Y (sky130_fd_sc_hd__a21oi_4)
                                         net25 (net)
                  0.10    0.01    2.57 v output25/A (sky130_fd_sc_hd__buf_6)
     1    0.03    0.04    0.15    2.72 v output25/X (sky130_fd_sc_hd__buf_6)
                                         out[5] (net)
                  0.04    0.00    2.72 v out[5] (out)
                                  2.72   data arrival time

                  0.00    0.00    0.00   clock __VIRTUAL_CLK__ (rise edge)
                          0.00    0.00   clock network delay (ideal)
                          0.25    0.25   clock uncertainty
                          0.00    0.25   clock reconvergence pessimism
                         -2.00   -1.75   output external delay
                                 -1.75   data required time
-----------------------------------------------------------------------------
                                 -1.75   data required time
                                 -2.72   data arrival time
-----------------------------------------------------------------------------
                                  4.47   slack (MET)


Startpoint: A[7] (input port clocked by __VIRTUAL_CLK__)
Endpoint: out[7] (output port clocked by __VIRTUAL_CLK__)
Path Group: __VIRTUAL_CLK__
Path Type: min
Corner: Typical

Fanout     Cap    Slew   Delay    Time   Description
-----------------------------------------------------------------------------
                  0.00    0.00    0.00   clock __VIRTUAL_CLK__ (rise edge)
                          0.00    0.00   clock network delay (ideal)
                          2.00    2.00 v input external delay
     1    0.00    0.01    0.00    2.00 v A[7] (in)
                                         A[7] (net)
                  0.01    0.00    2.00 v input8/A (sky130_fd_sc_hd__buf_4)
     7    0.08    0.11    0.18    2.18 v input8/X (sky130_fd_sc_hd__buf_4)
                                         net8 (net)
                  0.11    0.00    2.19 v _502_/A (sky130_fd_sc_hd__inv_2)
     1    0.05    0.23    0.20    2.39 ^ _502_/Y (sky130_fd_sc_hd__inv_2)
                                         _179_ (net)
                  0.23    0.00    2.40 ^ _503_/B2 (sky130_fd_sc_hd__o32a_4)
     1    0.05    0.14    0.27    2.67 ^ _503_/X (sky130_fd_sc_hd__o32a_4)
                                         net27 (net)
                  0.14    0.00    2.68 ^ output27/A (sky130_fd_sc_hd__buf_8)
     1    0.03    0.07    0.14    2.81 ^ output27/X (sky130_fd_sc_hd__buf_8)
                                         out[7] (net)
                  0.07    0.00    2.81 ^ out[7] (out)
                                  2.81   data arrival time

                  0.00    0.00    0.00   clock __VIRTUAL_CLK__ (rise edge)
                          0.00    0.00   clock network delay (ideal)
                          0.25    0.25   clock uncertainty
                          0.00    0.25   clock reconvergence pessimism
                         -2.00   -1.75   output external delay
                                 -1.75   data required time
-----------------------------------------------------------------------------
                                 -1.75   data required time
                                 -2.81   data arrival time
-----------------------------------------------------------------------------
                                  4.56   slack (MET)


Startpoint: A[4] (input port clocked by __VIRTUAL_CLK__)
Endpoint: out[4] (output port clocked by __VIRTUAL_CLK__)
Path Group: __VIRTUAL_CLK__
Path Type: min
Corner: Typical

Fanout     Cap    Slew   Delay    Time   Description
-----------------------------------------------------------------------------
                  0.00    0.00    0.00   clock __VIRTUAL_CLK__ (rise edge)
                          0.00    0.00   clock network delay (ideal)
                          2.00    2.00 ^ input external delay
     1    0.00    0.02    0.01    2.01 ^ A[4] (in)
                                         A[4] (net)
                  0.02    0.00    2.01 ^ input5/A (sky130_fd_sc_hd__buf_4)
     4    0.06    0.17    0.18    2.19 ^ input5/X (sky130_fd_sc_hd__buf_4)
                                         net5 (net)
                  0.17    0.00    2.20 ^ _340_/A (sky130_fd_sc_hd__buf_8)
    10    0.12    0.20    0.23    2.42 ^ _340_/X (sky130_fd_sc_hd__buf_8)
                                         _019_ (net)
                  0.20    0.01    2.44 ^ _373_/A1_N (sky130_fd_sc_hd__o2bb2a_1)
     1    0.02    0.10    0.29    2.73 v _373_/X (sky130_fd_sc_hd__o2bb2a_1)
                                         net24 (net)
                  0.10    0.00    2.73 v output24/A (sky130_fd_sc_hd__buf_2)
     1    0.03    0.09    0.19    2.92 v output24/X (sky130_fd_sc_hd__buf_2)
                                         out[4] (net)
                  0.09    0.00    2.92 v out[4] (out)
                                  2.92   data arrival time

                  0.00    0.00    0.00   clock __VIRTUAL_CLK__ (rise edge)
                          0.00    0.00   clock network delay (ideal)
                          0.25    0.25   clock uncertainty
                          0.00    0.25   clock reconvergence pessimism
                         -2.00   -1.75   output external delay
                                 -1.75   data required time
-----------------------------------------------------------------------------
                                 -1.75   data required time
                                 -2.92   data arrival time
-----------------------------------------------------------------------------
                                  4.67   slack (MET)


Startpoint: A[0] (input port clocked by __VIRTUAL_CLK__)
Endpoint: out[0] (output port clocked by __VIRTUAL_CLK__)
Path Group: __VIRTUAL_CLK__
Path Type: min
Corner: Typical

Fanout     Cap    Slew   Delay    Time   Description
-----------------------------------------------------------------------------
                  0.00    0.00    0.00   clock __VIRTUAL_CLK__ (rise edge)
                          0.00    0.00   clock network delay (ideal)
                          2.00    2.00 v input external delay
     1    0.01    0.01    0.01    2.01 v A[0] (in)
                                         A[0] (net)
                  0.01    0.00    2.01 v input1/A (sky130_fd_sc_hd__buf_6)
     9    0.13    0.12    0.16    2.17 v input1/X (sky130_fd_sc_hd__buf_6)
                                         net1 (net)
                  0.12    0.02    2.19 v _248_/A (sky130_fd_sc_hd__clkbuf_8)
    11    0.13    0.14    0.24    2.42 v _248_/X (sky130_fd_sc_hd__clkbuf_8)
                                         _176_ (net)
                  0.15    0.03    2.45 v _262_/A1_N (sky130_fd_sc_hd__a2bb2o_1)
     1    0.00    0.06    0.29    2.74 ^ _262_/X (sky130_fd_sc_hd__a2bb2o_1)
                                         net20 (net)
                  0.06    0.00    2.74 ^ output20/A (sky130_fd_sc_hd__buf_2)
     1    0.03    0.17    0.19    2.93 ^ output20/X (sky130_fd_sc_hd__buf_2)
                                         out[0] (net)
                  0.17    0.00    2.93 ^ out[0] (out)
                                  2.93   data arrival time

                  0.00    0.00    0.00   clock __VIRTUAL_CLK__ (rise edge)
                          0.00    0.00   clock network delay (ideal)
                          0.25    0.25   clock uncertainty
                          0.00    0.25   clock reconvergence pessimism
                         -2.00   -1.75   output external delay
                                 -1.75   data required time
-----------------------------------------------------------------------------
                                 -1.75   data required time
                                 -2.93   data arrival time
-----------------------------------------------------------------------------
                                  4.68   slack (MET)


Startpoint: A[3] (input port clocked by __VIRTUAL_CLK__)
Endpoint: out[3] (output port clocked by __VIRTUAL_CLK__)
Path Group: __VIRTUAL_CLK__
Path Type: min
Corner: Typical

Fanout     Cap    Slew   Delay    Time   Description
-----------------------------------------------------------------------------
                  0.00    0.00    0.00   clock __VIRTUAL_CLK__ (rise edge)
                          0.00    0.00   clock network delay (ideal)
                          2.00    2.00 ^ input external delay
     1    0.01    0.03    0.02    2.02 ^ A[3] (in)
                                         A[3] (net)
                  0.03    0.00    2.02 ^ input4/A (sky130_fd_sc_hd__buf_6)
     8    0.10    0.21    0.20    2.21 ^ input4/X (sky130_fd_sc_hd__buf_6)
                                         net4 (net)
                  0.21    0.02    2.23 ^ _310_/A (sky130_fd_sc_hd__buf_12)
    10    0.13    0.16    0.20    2.44 ^ _310_/X (sky130_fd_sc_hd__buf_12)
                                         _238_ (net)
                  0.17    0.03    2.47 ^ _339_/A1_N (sky130_fd_sc_hd__o2bb2a_2)
     1    0.04    0.11    0.31    2.78 v _339_/X (sky130_fd_sc_hd__o2bb2a_2)
                                         net23 (net)
                  0.11    0.00    2.78 v output23/A (sky130_fd_sc_hd__buf_2)
     1    0.03    0.09    0.20    2.98 v output23/X (sky130_fd_sc_hd__buf_2)
                                         out[3] (net)
                  0.09    0.00    2.98 v out[3] (out)
                                  2.98   data arrival time

                  0.00    0.00    0.00   clock __VIRTUAL_CLK__ (rise edge)
                          0.00    0.00   clock network delay (ideal)
                          0.25    0.25   clock uncertainty
                          0.00    0.25   clock reconvergence pessimism
                         -2.00   -1.75   output external delay
                                 -1.75   data required time
-----------------------------------------------------------------------------
                                 -1.75   data required time
                                 -2.98   data arrival time
-----------------------------------------------------------------------------
                                  4.73   slack (MET)


Startpoint: A[2] (input port clocked by __VIRTUAL_CLK__)
Endpoint: out[2] (output port clocked by __VIRTUAL_CLK__)
Path Group: __VIRTUAL_CLK__
Path Type: min
Corner: Typical

Fanout     Cap    Slew   Delay    Time   Description
-----------------------------------------------------------------------------
                  0.00    0.00    0.00   clock __VIRTUAL_CLK__ (rise edge)
                          0.00    0.00   clock network delay (ideal)
                          2.00    2.00 v input external delay
     1    0.01    0.01    0.01    2.01 v A[2] (in)
                                         A[2] (net)
                  0.01    0.00    2.01 v input3/A (sky130_fd_sc_hd__buf_6)
     9    0.11    0.10    0.15    2.16 v input3/X (sky130_fd_sc_hd__buf_6)
                                         net3 (net)
                  0.12    0.03    2.18 v _288_/A (sky130_fd_sc_hd__clkbuf_8)
    11    0.12    0.14    0.23    2.42 v _288_/X (sky130_fd_sc_hd__clkbuf_8)
                                         _217_ (net)
                  0.14    0.02    2.44 v _309_/A1_N (sky130_fd_sc_hd__o2bb2a_1)
     1    0.02    0.19    0.37    2.81 ^ _309_/X (sky130_fd_sc_hd__o2bb2a_1)
                                         net22 (net)
                  0.19    0.00    2.81 ^ output22/A (sky130_fd_sc_hd__buf_2)
     1    0.03    0.17    0.23    3.04 ^ output22/X (sky130_fd_sc_hd__buf_2)
                                         out[2] (net)
                  0.17    0.00    3.04 ^ out[2] (out)
                                  3.04   data arrival time

                  0.00    0.00    0.00   clock __VIRTUAL_CLK__ (rise edge)
                          0.00    0.00   clock network delay (ideal)
                          0.25    0.25   clock uncertainty
                          0.00    0.25   clock reconvergence pessimism
                         -2.00   -1.75   output external delay
                                 -1.75   data required time
-----------------------------------------------------------------------------
                                 -1.75   data required time
                                 -3.04   data arrival time
-----------------------------------------------------------------------------
                                  4.79   slack (MET)


Startpoint: A[1] (input port clocked by __VIRTUAL_CLK__)
Endpoint: out[1] (output port clocked by __VIRTUAL_CLK__)
Path Group: __VIRTUAL_CLK__
Path Type: min
Corner: Typical

Fanout     Cap    Slew   Delay    Time   Description
-----------------------------------------------------------------------------
                  0.00    0.00    0.00   clock __VIRTUAL_CLK__ (rise edge)
                          0.00    0.00   clock network delay (ideal)
                          2.00    2.00 v input external delay
     1    0.01    0.02    0.01    2.01 v A[1] (in)
                                         A[1] (net)
                  0.02    0.00    2.01 v input2/A (sky130_fd_sc_hd__buf_8)
    10    0.12    0.09    0.15    2.16 v input2/X (sky130_fd_sc_hd__buf_8)
                                         net2 (net)
                  0.10    0.02    2.18 v _263_/A (sky130_fd_sc_hd__buf_4)
    10    0.12    0.15    0.25    2.43 v _263_/X (sky130_fd_sc_hd__buf_4)
                                         _193_ (net)
                  0.15    0.01    2.44 v _287_/A1_N (sky130_fd_sc_hd__o2bb2a_1)
     2    0.03    0.30    0.44    2.88 ^ _287_/X (sky130_fd_sc_hd__o2bb2a_1)
                                         net21 (net)
                  0.30    0.00    2.88 ^ output21/A (sky130_fd_sc_hd__buf_2)
     1    0.03    0.17    0.26    3.14 ^ output21/X (sky130_fd_sc_hd__buf_2)
                                         out[1] (net)
                  0.17    0.00    3.14 ^ out[1] (out)
                                  3.14   data arrival time

                  0.00    0.00    0.00   clock __VIRTUAL_CLK__ (rise edge)
                          0.00    0.00   clock network delay (ideal)
                          0.25    0.25   clock uncertainty
                          0.00    0.25   clock reconvergence pessimism
                         -2.00   -1.75   output external delay
                                 -1.75   data required time
-----------------------------------------------------------------------------
                                 -1.75   data required time
                                 -3.14   data arrival time
-----------------------------------------------------------------------------
                                  4.89   slack (MET)



worst slack corner Typical: 4.3740
