
===========================================================================
report_checks -path_delay min (Hold)
============================================================================
======================= Typical Corner ===================================

Startpoint: _46_ (rising edge-triggered flip-flop clocked by core_clock)
Endpoint: _46_ (rising edge-triggered flip-flop clocked by core_clock)
Path Group: core_clock
Path Type: min

Fanout     Cap    Slew   Delay    Time   Description
-----------------------------------------------------------------------------
                          0.00    0.00   clock core_clock (rise edge)
                          0.00    0.00   clock source latency
     1    0.03    0.00    0.00    0.00 ^ clk (in)
                                         clk (net)
                  0.00    0.00    0.00 ^ clkbuf_0_clk/A (sky130_fd_sc_hd__clkbuf_16)
     2    0.03    0.05    0.11    0.11 ^ clkbuf_0_clk/X (sky130_fd_sc_hd__clkbuf_16)
                                         clknet_0_clk (net)
                  0.05    0.00    0.11 ^ clkbuf_1_0__f_clk/A (sky130_fd_sc_hd__clkbuf_16)
     3    0.03    0.05    0.13    0.25 ^ clkbuf_1_0__f_clk/X (sky130_fd_sc_hd__clkbuf_16)
                                         clknet_1_0__leaf_clk (net)
                  0.05    0.00    0.25 ^ _46_/CLK (sky130_fd_sc_hd__dfxtp_2)
     2    0.03    0.17    0.41    0.67 ^ _46_/Q (sky130_fd_sc_hd__dfxtp_2)
                                         display_out.in[0] (net)
                  0.18    0.01    0.67 ^ _20_/A (sky130_fd_sc_hd__buf_6)
    10    0.09    0.17    0.23    0.90 ^ _20_/X (sky130_fd_sc_hd__buf_6)
                                         _04_ (net)
                  0.18    0.01    0.91 ^ _33_/A (sky130_fd_sc_hd__nor2_2)
     1    0.02    0.06    0.10    1.00 v _33_/Y (sky130_fd_sc_hd__nor2_2)
                                         _00_ (net)
                  0.06    0.00    1.01 v _46_/D (sky130_fd_sc_hd__dfxtp_2)
                                  1.01   data arrival time

                          0.00    0.00   clock core_clock (rise edge)
                          0.00    0.00   clock source latency
     1    0.03    0.00    0.00    0.00 ^ clk (in)
                                         clk (net)
                  0.00    0.00    0.00 ^ clkbuf_0_clk/A (sky130_fd_sc_hd__clkbuf_16)
     2    0.03    0.05    0.11    0.11 ^ clkbuf_0_clk/X (sky130_fd_sc_hd__clkbuf_16)
                                         clknet_0_clk (net)
                  0.05    0.00    0.11 ^ clkbuf_1_0__f_clk/A (sky130_fd_sc_hd__clkbuf_16)
     3    0.03    0.05    0.13    0.25 ^ clkbuf_1_0__f_clk/X (sky130_fd_sc_hd__clkbuf_16)
                                         clknet_1_0__leaf_clk (net)
                  0.05    0.00    0.25 ^ _46_/CLK (sky130_fd_sc_hd__dfxtp_2)
                          0.00    0.25   clock reconvergence pessimism
                         -0.05    0.20   library hold time
                                  0.20   data required time
-----------------------------------------------------------------------------
                                  0.20   data required time
                                 -1.01   data arrival time
-----------------------------------------------------------------------------
                                  0.81   slack (MET)


Startpoint: _47_ (rising edge-triggered flip-flop clocked by core_clock)
Endpoint: _47_ (rising edge-triggered flip-flop clocked by core_clock)
Path Group: core_clock
Path Type: min

Fanout     Cap    Slew   Delay    Time   Description
-----------------------------------------------------------------------------
                          0.00    0.00   clock core_clock (rise edge)
                          0.00    0.00   clock source latency
     1    0.03    0.00    0.00    0.00 ^ clk (in)
                                         clk (net)
                  0.00    0.00    0.00 ^ clkbuf_0_clk/A (sky130_fd_sc_hd__clkbuf_16)
     2    0.03    0.05    0.11    0.11 ^ clkbuf_0_clk/X (sky130_fd_sc_hd__clkbuf_16)
                                         clknet_0_clk (net)
                  0.05    0.00    0.11 ^ clkbuf_1_1__f_clk/A (sky130_fd_sc_hd__clkbuf_16)
     2    0.02    0.04    0.13    0.24 ^ clkbuf_1_1__f_clk/X (sky130_fd_sc_hd__clkbuf_16)
                                         clknet_1_1__leaf_clk (net)
                  0.04    0.00    0.24 ^ _47_/CLK (sky130_fd_sc_hd__dfxtp_4)
    10    0.08    0.12    0.42    0.66 v _47_/Q (sky130_fd_sc_hd__dfxtp_4)
                                         display_out.in[1] (net)
                  0.12    0.00    0.66 v _34_/B (sky130_fd_sc_hd__nand2_1)
     1    0.01    0.10    0.14    0.80 ^ _34_/Y (sky130_fd_sc_hd__nand2_1)
                                         _11_ (net)
                  0.10    0.00    0.81 ^ _36_/C (sky130_fd_sc_hd__and4b_1)
     1    0.01    0.11    0.25    1.05 ^ _36_/X (sky130_fd_sc_hd__and4b_1)
                                         _13_ (net)
                  0.11    0.00    1.05 ^ _37_/A (sky130_fd_sc_hd__buf_1)
     1    0.01    0.10    0.14    1.19 ^ _37_/X (sky130_fd_sc_hd__buf_1)
                                         _01_ (net)
                  0.10    0.00    1.19 ^ _47_/D (sky130_fd_sc_hd__dfxtp_4)
                                  1.19   data arrival time

                          0.00    0.00   clock core_clock (rise edge)
                          0.00    0.00   clock source latency
     1    0.03    0.00    0.00    0.00 ^ clk (in)
                                         clk (net)
                  0.00    0.00    0.00 ^ clkbuf_0_clk/A (sky130_fd_sc_hd__clkbuf_16)
     2    0.03    0.05    0.11    0.11 ^ clkbuf_0_clk/X (sky130_fd_sc_hd__clkbuf_16)
                                         clknet_0_clk (net)
                  0.05    0.00    0.11 ^ clkbuf_1_1__f_clk/A (sky130_fd_sc_hd__clkbuf_16)
     2    0.02    0.04    0.13    0.24 ^ clkbuf_1_1__f_clk/X (sky130_fd_sc_hd__clkbuf_16)
                                         clknet_1_1__leaf_clk (net)
                  0.04    0.00    0.24 ^ _47_/CLK (sky130_fd_sc_hd__dfxtp_4)
                          0.00    0.24   clock reconvergence pessimism
                         -0.04    0.20   library hold time
                                  0.20   data required time
-----------------------------------------------------------------------------
                                  0.20   data required time
                                 -1.19   data arrival time
-----------------------------------------------------------------------------
                                  0.99   slack (MET)


Startpoint: _47_ (rising edge-triggered flip-flop clocked by core_clock)
Endpoint: _48_ (rising edge-triggered flip-flop clocked by core_clock)
Path Group: core_clock
Path Type: min

Fanout     Cap    Slew   Delay    Time   Description
-----------------------------------------------------------------------------
                          0.00    0.00   clock core_clock (rise edge)
                          0.00    0.00   clock source latency
     1    0.03    0.00    0.00    0.00 ^ clk (in)
                                         clk (net)
                  0.00    0.00    0.00 ^ clkbuf_0_clk/A (sky130_fd_sc_hd__clkbuf_16)
     2    0.03    0.05    0.11    0.11 ^ clkbuf_0_clk/X (sky130_fd_sc_hd__clkbuf_16)
                                         clknet_0_clk (net)
                  0.05    0.00    0.11 ^ clkbuf_1_1__f_clk/A (sky130_fd_sc_hd__clkbuf_16)
     2    0.02    0.04    0.13    0.24 ^ clkbuf_1_1__f_clk/X (sky130_fd_sc_hd__clkbuf_16)
                                         clknet_1_1__leaf_clk (net)
                  0.04    0.00    0.24 ^ _47_/CLK (sky130_fd_sc_hd__dfxtp_4)
    10    0.08    0.12    0.42    0.66 v _47_/Q (sky130_fd_sc_hd__dfxtp_4)
                                         display_out.in[1] (net)
                  0.12    0.00    0.66 v _38_/B (sky130_fd_sc_hd__nand3_1)
     1    0.01    0.13    0.17    0.83 ^ _38_/Y (sky130_fd_sc_hd__nand3_1)
                                         _14_ (net)
                  0.13    0.00    0.83 ^ _40_/C (sky130_fd_sc_hd__and4b_2)
     1    0.02    0.12    0.30    1.13 ^ _40_/X (sky130_fd_sc_hd__and4b_2)
                                         _16_ (net)
                  0.12    0.00    1.13 ^ _41_/A (sky130_fd_sc_hd__buf_1)
     1    0.01    0.12    0.15    1.29 ^ _41_/X (sky130_fd_sc_hd__buf_1)
                                         _02_ (net)
                  0.12    0.00    1.29 ^ _48_/D (sky130_fd_sc_hd__dfxtp_4)
                                  1.29   data arrival time

                          0.00    0.00   clock core_clock (rise edge)
                          0.00    0.00   clock source latency
     1    0.03    0.00    0.00    0.00 ^ clk (in)
                                         clk (net)
                  0.00    0.00    0.00 ^ clkbuf_0_clk/A (sky130_fd_sc_hd__clkbuf_16)
     2    0.03    0.05    0.11    0.11 ^ clkbuf_0_clk/X (sky130_fd_sc_hd__clkbuf_16)
                                         clknet_0_clk (net)
                  0.05    0.00    0.11 ^ clkbuf_1_0__f_clk/A (sky130_fd_sc_hd__clkbuf_16)
     3    0.03    0.05    0.13    0.25 ^ clkbuf_1_0__f_clk/X (sky130_fd_sc_hd__clkbuf_16)
                                         clknet_1_0__leaf_clk (net)
                  0.05    0.00    0.25 ^ _48_/CLK (sky130_fd_sc_hd__dfxtp_4)
                          0.00    0.25   clock reconvergence pessimism
                         -0.05    0.21   library hold time
                                  0.21   data required time
-----------------------------------------------------------------------------
                                  0.21   data required time
                                 -1.29   data arrival time
-----------------------------------------------------------------------------
                                  1.08   slack (MET)


Startpoint: _47_ (rising edge-triggered flip-flop clocked by core_clock)
Endpoint: _49_ (rising edge-triggered flip-flop clocked by core_clock)
Path Group: core_clock
Path Type: min

Fanout     Cap    Slew   Delay    Time   Description
-----------------------------------------------------------------------------
                          0.00    0.00   clock core_clock (rise edge)
                          0.00    0.00   clock source latency
     1    0.03    0.00    0.00    0.00 ^ clk (in)
                                         clk (net)
                  0.00    0.00    0.00 ^ clkbuf_0_clk/A (sky130_fd_sc_hd__clkbuf_16)
     2    0.03    0.05    0.11    0.11 ^ clkbuf_0_clk/X (sky130_fd_sc_hd__clkbuf_16)
                                         clknet_0_clk (net)
                  0.05    0.00    0.11 ^ clkbuf_1_1__f_clk/A (sky130_fd_sc_hd__clkbuf_16)
     2    0.02    0.04    0.13    0.24 ^ clkbuf_1_1__f_clk/X (sky130_fd_sc_hd__clkbuf_16)
                                         clknet_1_1__leaf_clk (net)
                  0.04    0.00    0.24 ^ _47_/CLK (sky130_fd_sc_hd__dfxtp_4)
    10    0.08    0.12    0.42    0.66 v _47_/Q (sky130_fd_sc_hd__dfxtp_4)
                                         display_out.in[1] (net)
                  0.12    0.01    0.67 v _42_/B (sky130_fd_sc_hd__nand4_4)
     1    0.02    0.09    0.15    0.82 ^ _42_/Y (sky130_fd_sc_hd__nand4_4)
                                         _17_ (net)
                  0.09    0.00    0.82 ^ _44_/C (sky130_fd_sc_hd__and4b_2)
     1    0.02    0.13    0.30    1.12 ^ _44_/X (sky130_fd_sc_hd__and4b_2)
                                         _19_ (net)
                  0.13    0.00    1.12 ^ _45_/A (sky130_fd_sc_hd__buf_2)
     1    0.03    0.17    0.22    1.34 ^ _45_/X (sky130_fd_sc_hd__buf_2)
                                         _03_ (net)
                  0.17    0.01    1.35 ^ _49_/D (sky130_fd_sc_hd__dfxtp_4)
                                  1.35   data arrival time

                          0.00    0.00   clock core_clock (rise edge)
                          0.00    0.00   clock source latency
     1    0.03    0.00    0.00    0.00 ^ clk (in)
                                         clk (net)
                  0.00    0.00    0.00 ^ clkbuf_0_clk/A (sky130_fd_sc_hd__clkbuf_16)
     2    0.03    0.05    0.11    0.11 ^ clkbuf_0_clk/X (sky130_fd_sc_hd__clkbuf_16)
                                         clknet_0_clk (net)
                  0.05    0.00    0.11 ^ clkbuf_1_1__f_clk/A (sky130_fd_sc_hd__clkbuf_16)
     2    0.02    0.04    0.13    0.24 ^ clkbuf_1_1__f_clk/X (sky130_fd_sc_hd__clkbuf_16)
                                         clknet_1_1__leaf_clk (net)
                  0.04    0.00    0.24 ^ _49_/CLK (sky130_fd_sc_hd__dfxtp_4)
                          0.00    0.24   clock reconvergence pessimism
                         -0.06    0.18   library hold time
                                  0.18   data required time
-----------------------------------------------------------------------------
                                  0.18   data required time
                                 -1.35   data arrival time
-----------------------------------------------------------------------------
                                  1.16   slack (MET)



worst slack corner Typical: 0.8087
