
===========================================================================
 report_power
============================================================================
======================= Fastest Corner ===================================

Group                  Internal  Switching    Leakage      Total
                          Power      Power      Power      Power (Watts)
----------------------------------------------------------------
Sequential             8.55e-04   0.00e+00   6.50e-08   8.55e-04  59.6%
Combinational          5.22e-07   1.57e-06   8.59e-09   2.10e-06   0.1%
Clock                  2.43e-04   3.35e-04   4.02e-09   5.77e-04  40.2%
Macro                  0.00e+00   0.00e+00   0.00e+00   0.00e+00   0.0%
Pad                    0.00e+00   0.00e+00   0.00e+00   0.00e+00   0.0%
----------------------------------------------------------------
Total                  1.10e-03   3.36e-04   7.76e-08   1.43e-03 100.0%
                          76.6%      23.4%       0.0%

======================= Slowest Corner ===================================

Group                  Internal  Switching    Leakage      Total
                          Power      Power      Power      Power (Watts)
----------------------------------------------------------------
Sequential             5.69e-04   0.00e+00   3.69e-06   5.73e-04  58.9%
Combinational          3.74e-07   1.04e-06   8.00e-06   9.42e-06   1.0%
Clock                  1.75e-04   2.14e-04   2.90e-07   3.90e-04  40.1%
Macro                  0.00e+00   0.00e+00   0.00e+00   0.00e+00   0.0%
Pad                    0.00e+00   0.00e+00   0.00e+00   0.00e+00   0.0%
----------------------------------------------------------------
Total                  7.44e-04   2.15e-04   1.20e-05   9.72e-04 100.0%
                          76.6%      22.2%       1.2%

======================= Typical Corner ===================================

Group                  Internal  Switching    Leakage      Total
                          Power      Power      Power      Power (Watts)
----------------------------------------------------------------
Sequential             7.36e-04   0.00e+00   6.32e-08   7.36e-04  59.8%
Combinational          4.51e-07   1.34e-06   5.88e-09   1.79e-06   0.1%
Clock                  2.13e-04   2.81e-04   3.34e-09   4.94e-04  40.1%
Macro                  0.00e+00   0.00e+00   0.00e+00   0.00e+00   0.0%
Pad                    0.00e+00   0.00e+00   0.00e+00   0.00e+00   0.0%
----------------------------------------------------------------
Total                  9.50e-04   2.82e-04   7.24e-08   1.23e-03 100.0%
                          77.1%      22.9%       0.0%

