
===========================================================================
report_checks -path_delay max (Setup)
============================================================================
======================= Typical Corner ===================================

Startpoint: B[0] (input port clocked by __VIRTUAL_CLK__)
Endpoint: out[7] (output port clocked by __VIRTUAL_CLK__)
Path Group: __VIRTUAL_CLK__
Path Type: max

Fanout     Cap    Slew   Delay    Time   Description
-----------------------------------------------------------------------------
                  0.00    0.00    0.00   clock __VIRTUAL_CLK__ (rise edge)
                          0.00    0.00   clock network delay (ideal)
                          2.00    2.00 v input external delay
     1    0.01    0.02    0.01    2.01 v B[0] (in)
                                         B[0] (net)
                  0.02    0.00    2.01 v input9/A (sky130_fd_sc_hd__buf_8)
     5    0.05    0.05    0.14    2.15 v input9/X (sky130_fd_sc_hd__buf_8)
                                         net9 (net)
                  0.05    0.01    2.16 v _347_/D (sky130_fd_sc_hd__and4_4)
     3    0.02    0.05    0.22    2.39 v _347_/X (sky130_fd_sc_hd__and4_4)
                                         _026_ (net)
                  0.05    0.00    2.39 v _349_/B (sky130_fd_sc_hd__or3_4)
     2    0.02    0.09    0.42    2.81 v _349_/X (sky130_fd_sc_hd__or3_4)
                                         _028_ (net)
                  0.09    0.00    2.81 v _353_/A1 (sky130_fd_sc_hd__a21o_4)
     2    0.02    0.06    0.25    3.06 v _353_/X (sky130_fd_sc_hd__a21o_4)
                                         _032_ (net)
                  0.06    0.00    3.06 v _397_/A1 (sky130_fd_sc_hd__a21o_4)
     3    0.02    0.05    0.24    3.30 v _397_/X (sky130_fd_sc_hd__a21o_4)
                                         _075_ (net)
                  0.05    0.00    3.30 v _398_/C (sky130_fd_sc_hd__and3_4)
     2    0.01    0.04    0.19    3.49 v _398_/X (sky130_fd_sc_hd__and3_4)
                                         _076_ (net)
                  0.04    0.00    3.49 v _401_/C (sky130_fd_sc_hd__or3_4)
     2    0.01    0.08    0.36    3.85 v _401_/X (sky130_fd_sc_hd__or3_4)
                                         _079_ (net)
                  0.08    0.00    3.85 v _465_/A1 (sky130_fd_sc_hd__a211o_4)
     2    0.01    0.06    0.36    4.20 v _465_/X (sky130_fd_sc_hd__a211o_4)
                                         _141_ (net)
                  0.06    0.00    4.21 v _494_/C (sky130_fd_sc_hd__or3_4)
     2    0.01    0.08    0.36    4.57 v _494_/X (sky130_fd_sc_hd__or3_4)
                                         _170_ (net)
                  0.08    0.00    4.57 v _496_/A (sky130_fd_sc_hd__and3_4)
     1    0.00    0.03    0.17    4.73 v _496_/X (sky130_fd_sc_hd__and3_4)
                                         _172_ (net)
                  0.03    0.00    4.73 v _498_/A2 (sky130_fd_sc_hd__o21a_4)
     1    0.02    0.06    0.23    4.96 v _498_/X (sky130_fd_sc_hd__o21a_4)
                                         _174_ (net)
                  0.06    0.00    4.96 v _503_/A3 (sky130_fd_sc_hd__o32a_4)
     1    0.01    0.06    0.33    5.29 v _503_/X (sky130_fd_sc_hd__o32a_4)
                                         net27 (net)
                  0.06    0.00    5.29 v output27/A (sky130_fd_sc_hd__buf_8)
     1    0.03    0.04    0.15    5.44 v output27/X (sky130_fd_sc_hd__buf_8)
                                         out[7] (net)
                  0.04    0.00    5.44 v out[7] (out)
                                  5.44   data arrival time

                  0.00   10.00   10.00   clock __VIRTUAL_CLK__ (rise edge)
                          0.00   10.00   clock network delay (ideal)
                         -0.25    9.75   clock uncertainty
                          0.00    9.75   clock reconvergence pessimism
                         -2.00    7.75   output external delay
                                  7.75   data required time
-----------------------------------------------------------------------------
                                  7.75   data required time
                                 -5.44   data arrival time
-----------------------------------------------------------------------------
                                  2.31   slack (MET)


Startpoint: B[0] (input port clocked by __VIRTUAL_CLK__)
Endpoint: out[5] (output port clocked by __VIRTUAL_CLK__)
Path Group: __VIRTUAL_CLK__
Path Type: max

Fanout     Cap    Slew   Delay    Time   Description
-----------------------------------------------------------------------------
                  0.00    0.00    0.00   clock __VIRTUAL_CLK__ (rise edge)
                          0.00    0.00   clock network delay (ideal)
                          2.00    2.00 v input external delay
     1    0.01    0.02    0.01    2.01 v B[0] (in)
                                         B[0] (net)
                  0.02    0.00    2.01 v input9/A (sky130_fd_sc_hd__buf_8)
     5    0.05    0.05    0.14    2.15 v input9/X (sky130_fd_sc_hd__buf_8)
                                         net9 (net)
                  0.05    0.01    2.16 v _347_/D (sky130_fd_sc_hd__and4_4)
     3    0.02    0.05    0.22    2.39 v _347_/X (sky130_fd_sc_hd__and4_4)
                                         _026_ (net)
                  0.05    0.00    2.39 v _349_/B (sky130_fd_sc_hd__or3_4)
     2    0.02    0.09    0.42    2.81 v _349_/X (sky130_fd_sc_hd__or3_4)
                                         _028_ (net)
                  0.09    0.00    2.81 v _353_/A1 (sky130_fd_sc_hd__a21o_4)
     2    0.02    0.06    0.25    3.06 v _353_/X (sky130_fd_sc_hd__a21o_4)
                                         _032_ (net)
                  0.06    0.00    3.06 v _397_/A1 (sky130_fd_sc_hd__a21o_4)
     3    0.02    0.05    0.24    3.30 v _397_/X (sky130_fd_sc_hd__a21o_4)
                                         _075_ (net)
                  0.05    0.00    3.30 v _398_/C (sky130_fd_sc_hd__and3_4)
     2    0.01    0.04    0.19    3.49 v _398_/X (sky130_fd_sc_hd__and3_4)
                                         _076_ (net)
                  0.04    0.00    3.49 v _401_/C (sky130_fd_sc_hd__or3_4)
     2    0.01    0.08    0.36    3.85 v _401_/X (sky130_fd_sc_hd__or3_4)
                                         _079_ (net)
                  0.08    0.00    3.85 v rebuffer3/A (sky130_fd_sc_hd__clkbuf_2)
     3    0.01    0.05    0.15    4.00 v rebuffer3/X (sky130_fd_sc_hd__clkbuf_2)
                                         net32 (net)
                  0.05    0.00    4.00 v _402_/B (sky130_fd_sc_hd__nand2_2)
     2    0.01    0.08    0.09    4.09 ^ _402_/Y (sky130_fd_sc_hd__nand2_2)
                                         _080_ (net)
                  0.08    0.00    4.09 ^ rebuffer31/A (sky130_fd_sc_hd__dlymetal6s2s_1)
     2    0.01    0.15    0.18    4.27 ^ rebuffer31/X (sky130_fd_sc_hd__dlymetal6s2s_1)
                                         net60 (net)
                  0.15    0.00    4.27 ^ rebuffer32/A (sky130_fd_sc_hd__dlygate4sd1_1)
     1    0.01    0.11    0.28    4.55 ^ rebuffer32/X (sky130_fd_sc_hd__dlygate4sd1_1)
                                         net61 (net)
                  0.11    0.00    4.55 ^ _404_/C (sky130_fd_sc_hd__nand3_1)
     1    0.01    0.12    0.15    4.70 v _404_/Y (sky130_fd_sc_hd__nand3_1)
                                         _082_ (net)
                  0.12    0.00    4.70 v _408_/A3 (sky130_fd_sc_hd__a31o_1)
     1    0.01    0.07    0.29    4.99 v _408_/X (sky130_fd_sc_hd__a31o_1)
                                         _086_ (net)
                  0.07    0.00    4.99 v _409_/B1 (sky130_fd_sc_hd__a21oi_4)
     1    0.02    0.18    0.19    5.18 ^ _409_/Y (sky130_fd_sc_hd__a21oi_4)
                                         _087_ (net)
                  0.18    0.00    5.18 ^ _410_/B1 (sky130_fd_sc_hd__a21oi_4)
     1    0.00    0.05    0.04    5.22 v _410_/Y (sky130_fd_sc_hd__a21oi_4)
                                         net25 (net)
                  0.05    0.00    5.22 v output25/A (sky130_fd_sc_hd__buf_6)
     1    0.03    0.04    0.14    5.37 v output25/X (sky130_fd_sc_hd__buf_6)
                                         out[5] (net)
                  0.04    0.00    5.37 v out[5] (out)
                                  5.37   data arrival time

                  0.00   10.00   10.00   clock __VIRTUAL_CLK__ (rise edge)
                          0.00   10.00   clock network delay (ideal)
                         -0.25    9.75   clock uncertainty
                          0.00    9.75   clock reconvergence pessimism
                         -2.00    7.75   output external delay
                                  7.75   data required time
-----------------------------------------------------------------------------
                                  7.75   data required time
                                 -5.37   data arrival time
-----------------------------------------------------------------------------
                                  2.38   slack (MET)


Startpoint: B[0] (input port clocked by __VIRTUAL_CLK__)
Endpoint: out[6] (output port clocked by __VIRTUAL_CLK__)
Path Group: __VIRTUAL_CLK__
Path Type: max

Fanout     Cap    Slew   Delay    Time   Description
-----------------------------------------------------------------------------
                  0.00    0.00    0.00   clock __VIRTUAL_CLK__ (rise edge)
                          0.00    0.00   clock network delay (ideal)
                          2.00    2.00 v input external delay
     1    0.01    0.02    0.01    2.01 v B[0] (in)
                                         B[0] (net)
                  0.02    0.00    2.01 v input9/A (sky130_fd_sc_hd__buf_8)
     5    0.05    0.05    0.14    2.15 v input9/X (sky130_fd_sc_hd__buf_8)
                                         net9 (net)
                  0.05    0.01    2.16 v _347_/D (sky130_fd_sc_hd__and4_4)
     3    0.02    0.05    0.22    2.39 v _347_/X (sky130_fd_sc_hd__and4_4)
                                         _026_ (net)
                  0.05    0.00    2.39 v _349_/B (sky130_fd_sc_hd__or3_4)
     2    0.02    0.09    0.42    2.81 v _349_/X (sky130_fd_sc_hd__or3_4)
                                         _028_ (net)
                  0.09    0.00    2.81 v _353_/A1 (sky130_fd_sc_hd__a21o_4)
     2    0.02    0.06    0.25    3.06 v _353_/X (sky130_fd_sc_hd__a21o_4)
                                         _032_ (net)
                  0.06    0.00    3.06 v _397_/A1 (sky130_fd_sc_hd__a21o_4)
     3    0.02    0.05    0.24    3.30 v _397_/X (sky130_fd_sc_hd__a21o_4)
                                         _075_ (net)
                  0.05    0.00    3.30 v _399_/B1 (sky130_fd_sc_hd__a21oi_4)
     2    0.01    0.14    0.15    3.46 ^ _399_/Y (sky130_fd_sc_hd__a21oi_4)
                                         _077_ (net)
                  0.14    0.00    3.46 ^ _401_/B (sky130_fd_sc_hd__or3_4)
     2    0.01    0.05    0.17    3.63 ^ _401_/X (sky130_fd_sc_hd__or3_4)
                                         _079_ (net)
                  0.05    0.00    3.63 ^ rebuffer3/A (sky130_fd_sc_hd__clkbuf_2)
     3    0.01    0.07    0.13    3.76 ^ rebuffer3/X (sky130_fd_sc_hd__clkbuf_2)
                                         net32 (net)
                  0.07    0.00    3.76 ^ rebuffer4/A (sky130_fd_sc_hd__clkbuf_2)
     1    0.01    0.06    0.13    3.89 ^ rebuffer4/X (sky130_fd_sc_hd__clkbuf_2)
                                         net33 (net)
                  0.06    0.00    3.89 ^ _436_/A1 (sky130_fd_sc_hd__a211oi_4)
     2    0.01    0.06    0.06    3.96 v _436_/Y (sky130_fd_sc_hd__a211oi_4)
                                         _113_ (net)
                  0.06    0.00    3.96 v rebuffer11/A (sky130_fd_sc_hd__dlygate4sd1_1)
     1    0.01    0.06    0.28    4.23 v rebuffer11/X (sky130_fd_sc_hd__dlygate4sd1_1)
                                         net40 (net)
                  0.06    0.00    4.23 v _439_/A (sky130_fd_sc_hd__or2_4)
     1    0.01    0.06    0.28    4.51 v _439_/X (sky130_fd_sc_hd__or2_4)
                                         _116_ (net)
                  0.06    0.00    4.52 v _440_/A1 (sky130_fd_sc_hd__a21bo_4)
     1    0.02    0.05    0.24    4.75 v _440_/X (sky130_fd_sc_hd__a21bo_4)
                                         _117_ (net)
                  0.05    0.00    4.76 v _441_/B (sky130_fd_sc_hd__or2_4)
     1    0.01    0.06    0.26    5.02 v _441_/X (sky130_fd_sc_hd__or2_4)
                                         _118_ (net)
                  0.06    0.00    5.02 v _453_/B2 (sky130_fd_sc_hd__a22oi_4)
     1    0.01    0.13    0.16    5.18 ^ _453_/Y (sky130_fd_sc_hd__a22oi_4)
                                         net26 (net)
                  0.13    0.00    5.18 ^ output26/A (sky130_fd_sc_hd__buf_6)
     1    0.03    0.08    0.16    5.34 ^ output26/X (sky130_fd_sc_hd__buf_6)
                                         out[6] (net)
                  0.08    0.00    5.34 ^ out[6] (out)
                                  5.34   data arrival time

                  0.00   10.00   10.00   clock __VIRTUAL_CLK__ (rise edge)
                          0.00   10.00   clock network delay (ideal)
                         -0.25    9.75   clock uncertainty
                          0.00    9.75   clock reconvergence pessimism
                         -2.00    7.75   output external delay
                                  7.75   data required time
-----------------------------------------------------------------------------
                                  7.75   data required time
                                 -5.34   data arrival time
-----------------------------------------------------------------------------
                                  2.41   slack (MET)


Startpoint: B[0] (input port clocked by __VIRTUAL_CLK__)
Endpoint: out[4] (output port clocked by __VIRTUAL_CLK__)
Path Group: __VIRTUAL_CLK__
Path Type: max

Fanout     Cap    Slew   Delay    Time   Description
-----------------------------------------------------------------------------
                  0.00    0.00    0.00   clock __VIRTUAL_CLK__ (rise edge)
                          0.00    0.00   clock network delay (ideal)
                          2.00    2.00 v input external delay
     1    0.01    0.02    0.01    2.01 v B[0] (in)
                                         B[0] (net)
                  0.02    0.00    2.01 v input9/A (sky130_fd_sc_hd__buf_8)
     5    0.05    0.05    0.14    2.15 v input9/X (sky130_fd_sc_hd__buf_8)
                                         net9 (net)
                  0.05    0.01    2.16 v _347_/D (sky130_fd_sc_hd__and4_4)
     3    0.02    0.05    0.22    2.39 v _347_/X (sky130_fd_sc_hd__and4_4)
                                         _026_ (net)
                  0.05    0.00    2.39 v _349_/B (sky130_fd_sc_hd__or3_4)
     2    0.02    0.09    0.42    2.81 v _349_/X (sky130_fd_sc_hd__or3_4)
                                         _028_ (net)
                  0.09    0.00    2.81 v _352_/A (sky130_fd_sc_hd__and3_4)
     2    0.01    0.04    0.19    3.00 v _352_/X (sky130_fd_sc_hd__and3_4)
                                         _031_ (net)
                  0.04    0.00    3.00 v _354_/A (sky130_fd_sc_hd__or2b_2)
     1    0.02    0.09    0.36    3.36 v _354_/X (sky130_fd_sc_hd__or2b_2)
                                         _033_ (net)
                  0.09    0.00    3.36 v _355_/B (sky130_fd_sc_hd__xnor2_4)
     2    0.03    0.12    0.20    3.56 v _355_/Y (sky130_fd_sc_hd__xnor2_4)
                                         _034_ (net)
                  0.12    0.00    3.56 v _357_/B (sky130_fd_sc_hd__or2_4)
     2    0.01    0.06    0.28    3.84 v _357_/X (sky130_fd_sc_hd__or2_4)
                                         _036_ (net)
                  0.06    0.00    3.84 v _358_/A2 (sky130_fd_sc_hd__a21bo_2)
     1    0.02    0.08    0.28    4.12 v _358_/X (sky130_fd_sc_hd__a21bo_2)
                                         _037_ (net)
                  0.08    0.00    4.12 v _360_/B (sky130_fd_sc_hd__and3_1)
     1    0.01    0.09    0.24    4.36 v _360_/X (sky130_fd_sc_hd__and3_1)
                                         _039_ (net)
                  0.09    0.00    4.36 v _373_/B1 (sky130_fd_sc_hd__o2bb2a_1)
     1    0.01    0.08    0.35    4.72 v _373_/X (sky130_fd_sc_hd__o2bb2a_1)
                                         net24 (net)
                  0.08    0.00    4.72 v output24/A (sky130_fd_sc_hd__buf_2)
     1    0.03    0.09    0.21    4.92 v output24/X (sky130_fd_sc_hd__buf_2)
                                         out[4] (net)
                  0.09    0.00    4.92 v out[4] (out)
                                  4.92   data arrival time

                  0.00   10.00   10.00   clock __VIRTUAL_CLK__ (rise edge)
                          0.00   10.00   clock network delay (ideal)
                         -0.25    9.75   clock uncertainty
                          0.00    9.75   clock reconvergence pessimism
                         -2.00    7.75   output external delay
                                  7.75   data required time
-----------------------------------------------------------------------------
                                  7.75   data required time
                                 -4.92   data arrival time
-----------------------------------------------------------------------------
                                  2.83   slack (MET)


Startpoint: B[1] (input port clocked by __VIRTUAL_CLK__)
Endpoint: out[3] (output port clocked by __VIRTUAL_CLK__)
Path Group: __VIRTUAL_CLK__
Path Type: max

Fanout     Cap    Slew   Delay    Time   Description
-----------------------------------------------------------------------------
                  0.00    0.00    0.00   clock __VIRTUAL_CLK__ (rise edge)
                          0.00    0.00   clock network delay (ideal)
                          2.00    2.00 v input external delay
     1    0.01    0.02    0.02    2.02 v B[1] (in)
                                         B[1] (net)
                  0.02    0.00    2.02 v input10/A (sky130_fd_sc_hd__buf_12)
     5    0.05    0.04    0.14    2.16 v input10/X (sky130_fd_sc_hd__buf_12)
                                         net10 (net)
                  0.04    0.01    2.16 v _266_/A (sky130_fd_sc_hd__buf_12)
     5    0.03    0.03    0.14    2.30 v _266_/X (sky130_fd_sc_hd__buf_12)
                                         _196_ (net)
                  0.03    0.00    2.30 v _267_/A (sky130_fd_sc_hd__clkbuf_8)
    10    0.06    0.08    0.18    2.48 v _267_/X (sky130_fd_sc_hd__clkbuf_8)
                                         _197_ (net)
                  0.08    0.00    2.48 v _277_/B (sky130_fd_sc_hd__and3_2)
     2    0.00    0.04    0.22    2.70 v _277_/X (sky130_fd_sc_hd__and3_2)
                                         _207_ (net)
                  0.04    0.00    2.70 v _279_/C (sky130_fd_sc_hd__or3_4)
     2    0.00    0.06    0.33    3.03 v _279_/X (sky130_fd_sc_hd__or3_4)
                                         _209_ (net)
                  0.06    0.00    3.03 v _301_/A2 (sky130_fd_sc_hd__a21o_2)
     3    0.02    0.07    0.27    3.30 v _301_/X (sky130_fd_sc_hd__a21o_2)
                                         _230_ (net)
                  0.07    0.00    3.30 v _312_/A2 (sky130_fd_sc_hd__a21o_2)
     3    0.02    0.08    0.28    3.58 v _312_/X (sky130_fd_sc_hd__a21o_2)
                                         _240_ (net)
                  0.08    0.00    3.58 v _318_/A (sky130_fd_sc_hd__and3_1)
     1    0.01    0.06    0.19    3.77 v _318_/X (sky130_fd_sc_hd__and3_1)
                                         _246_ (net)
                  0.06    0.00    3.77 v _320_/A_N (sky130_fd_sc_hd__and3b_1)
     1    0.02    0.17    0.32    4.09 ^ _320_/X (sky130_fd_sc_hd__and3b_1)
                                         _000_ (net)
                  0.17    0.00    4.09 ^ _339_/B1 (sky130_fd_sc_hd__o2bb2a_2)
     1    0.02    0.11    0.28    4.37 ^ _339_/X (sky130_fd_sc_hd__o2bb2a_2)
                                         net23 (net)
                  0.11    0.00    4.37 ^ output23/A (sky130_fd_sc_hd__buf_2)
     1    0.03    0.17    0.23    4.61 ^ output23/X (sky130_fd_sc_hd__buf_2)
                                         out[3] (net)
                  0.17    0.00    4.61 ^ out[3] (out)
                                  4.61   data arrival time

                  0.00   10.00   10.00   clock __VIRTUAL_CLK__ (rise edge)
                          0.00   10.00   clock network delay (ideal)
                         -0.25    9.75   clock uncertainty
                          0.00    9.75   clock reconvergence pessimism
                         -2.00    7.75   output external delay
                                  7.75   data required time
-----------------------------------------------------------------------------
                                  7.75   data required time
                                 -4.61   data arrival time
-----------------------------------------------------------------------------
                                  3.14   slack (MET)


Startpoint: B[1] (input port clocked by __VIRTUAL_CLK__)
Endpoint: out[2] (output port clocked by __VIRTUAL_CLK__)
Path Group: __VIRTUAL_CLK__
Path Type: max

Fanout     Cap    Slew   Delay    Time   Description
-----------------------------------------------------------------------------
                  0.00    0.00    0.00   clock __VIRTUAL_CLK__ (rise edge)
                          0.00    0.00   clock network delay (ideal)
                          2.00    2.00 v input external delay
     1    0.01    0.02    0.02    2.02 v B[1] (in)
                                         B[1] (net)
                  0.02    0.00    2.02 v input10/A (sky130_fd_sc_hd__buf_12)
     5    0.05    0.04    0.14    2.16 v input10/X (sky130_fd_sc_hd__buf_12)
                                         net10 (net)
                  0.04    0.01    2.16 v _266_/A (sky130_fd_sc_hd__buf_12)
     5    0.03    0.03    0.14    2.30 v _266_/X (sky130_fd_sc_hd__buf_12)
                                         _196_ (net)
                  0.03    0.00    2.30 v _267_/A (sky130_fd_sc_hd__clkbuf_8)
    10    0.06    0.08    0.18    2.48 v _267_/X (sky130_fd_sc_hd__clkbuf_8)
                                         _197_ (net)
                  0.08    0.00    2.48 v _277_/B (sky130_fd_sc_hd__and3_2)
     2    0.00    0.04    0.22    2.70 v _277_/X (sky130_fd_sc_hd__and3_2)
                                         _207_ (net)
                  0.04    0.00    2.70 v _279_/C (sky130_fd_sc_hd__or3_4)
     2    0.00    0.06    0.33    3.03 v _279_/X (sky130_fd_sc_hd__or3_4)
                                         _209_ (net)
                  0.06    0.00    3.03 v _301_/A2 (sky130_fd_sc_hd__a21o_2)
     3    0.02    0.07    0.27    3.30 v _301_/X (sky130_fd_sc_hd__a21o_2)
                                         _230_ (net)
                  0.07    0.00    3.30 v _303_/A2 (sky130_fd_sc_hd__o21a_1)
     1    0.02    0.10    0.24    3.54 v _303_/X (sky130_fd_sc_hd__o21a_1)
                                         _232_ (net)
                  0.10    0.00    3.54 v _308_/A2 (sky130_fd_sc_hd__a211o_1)
     1    0.00    0.04    0.31    3.86 v _308_/X (sky130_fd_sc_hd__a211o_1)
                                         _237_ (net)
                  0.04    0.00    3.86 v _309_/B2 (sky130_fd_sc_hd__o2bb2a_1)
     1    0.01    0.08    0.32    4.17 v _309_/X (sky130_fd_sc_hd__o2bb2a_1)
                                         net22 (net)
                  0.08    0.00    4.17 v output22/A (sky130_fd_sc_hd__buf_2)
     1    0.03    0.09    0.20    4.38 v output22/X (sky130_fd_sc_hd__buf_2)
                                         out[2] (net)
                  0.09    0.00    4.38 v out[2] (out)
                                  4.38   data arrival time

                  0.00   10.00   10.00   clock __VIRTUAL_CLK__ (rise edge)
                          0.00   10.00   clock network delay (ideal)
                         -0.25    9.75   clock uncertainty
                          0.00    9.75   clock reconvergence pessimism
                         -2.00    7.75   output external delay
                                  7.75   data required time
-----------------------------------------------------------------------------
                                  7.75   data required time
                                 -4.38   data arrival time
-----------------------------------------------------------------------------
                                  3.37   slack (MET)


Startpoint: B[1] (input port clocked by __VIRTUAL_CLK__)
Endpoint: out[1] (output port clocked by __VIRTUAL_CLK__)
Path Group: __VIRTUAL_CLK__
Path Type: max

Fanout     Cap    Slew   Delay    Time   Description
-----------------------------------------------------------------------------
                  0.00    0.00    0.00   clock __VIRTUAL_CLK__ (rise edge)
                          0.00    0.00   clock network delay (ideal)
                          2.00    2.00 v input external delay
     1    0.01    0.02    0.02    2.02 v B[1] (in)
                                         B[1] (net)
                  0.02    0.00    2.02 v input10/A (sky130_fd_sc_hd__buf_12)
     5    0.05    0.04    0.14    2.16 v input10/X (sky130_fd_sc_hd__buf_12)
                                         net10 (net)
                  0.04    0.01    2.16 v _266_/A (sky130_fd_sc_hd__buf_12)
     5    0.03    0.03    0.14    2.30 v _266_/X (sky130_fd_sc_hd__buf_12)
                                         _196_ (net)
                  0.03    0.00    2.30 v _267_/A (sky130_fd_sc_hd__clkbuf_8)
    10    0.06    0.08    0.18    2.48 v _267_/X (sky130_fd_sc_hd__clkbuf_8)
                                         _197_ (net)
                  0.08    0.00    2.48 v _277_/B (sky130_fd_sc_hd__and3_2)
     2    0.00    0.04    0.22    2.70 v _277_/X (sky130_fd_sc_hd__and3_2)
                                         _207_ (net)
                  0.04    0.00    2.70 v _279_/C (sky130_fd_sc_hd__or3_4)
     2    0.00    0.06    0.33    3.03 v _279_/X (sky130_fd_sc_hd__or3_4)
                                         _209_ (net)
                  0.06    0.00    3.03 v _280_/B_N (sky130_fd_sc_hd__or2b_1)
     1    0.02    0.15    0.24    3.28 ^ _280_/X (sky130_fd_sc_hd__or2b_1)
                                         _210_ (net)
                  0.15    0.00    3.28 ^ _281_/B (sky130_fd_sc_hd__xnor2_2)
     1    0.02    0.09    0.12    3.40 v _281_/Y (sky130_fd_sc_hd__xnor2_2)
                                         _211_ (net)
                  0.09    0.00    3.40 v _286_/A2 (sky130_fd_sc_hd__a211o_1)
     1    0.01    0.09    0.38    3.78 v _286_/X (sky130_fd_sc_hd__a211o_1)
                                         _216_ (net)
                  0.09    0.00    3.78 v _287_/B2 (sky130_fd_sc_hd__o2bb2a_1)
     1    0.00    0.05    0.29    4.07 v _287_/X (sky130_fd_sc_hd__o2bb2a_1)
                                         net21 (net)
                  0.05    0.00    4.07 v output21/A (sky130_fd_sc_hd__buf_2)
     1    0.03    0.09    0.19    4.26 v output21/X (sky130_fd_sc_hd__buf_2)
                                         out[1] (net)
                  0.09    0.00    4.27 v out[1] (out)
                                  4.27   data arrival time

                  0.00   10.00   10.00   clock __VIRTUAL_CLK__ (rise edge)
                          0.00   10.00   clock network delay (ideal)
                         -0.25    9.75   clock uncertainty
                          0.00    9.75   clock reconvergence pessimism
                         -2.00    7.75   output external delay
                                  7.75   data required time
-----------------------------------------------------------------------------
                                  7.75   data required time
                                 -4.27   data arrival time
-----------------------------------------------------------------------------
                                  3.48   slack (MET)


Startpoint: opcode[0] (input port clocked by __VIRTUAL_CLK__)
Endpoint: out[0] (output port clocked by __VIRTUAL_CLK__)
Path Group: __VIRTUAL_CLK__
Path Type: max

Fanout     Cap    Slew   Delay    Time   Description
-----------------------------------------------------------------------------
                  0.00    0.00    0.00   clock __VIRTUAL_CLK__ (rise edge)
                          0.00    0.00   clock network delay (ideal)
                          2.00    2.00 v input external delay
     1    0.00    0.01    0.01    2.01 v opcode[0] (in)
                                         opcode[0] (net)
                  0.01    0.00    2.01 v input17/A (sky130_fd_sc_hd__buf_4)
     5    0.02    0.05    0.15    2.15 v input17/X (sky130_fd_sc_hd__buf_4)
                                         net17 (net)
                  0.05    0.00    2.15 v _249_/A (sky130_fd_sc_hd__or2_4)
     5    0.05    0.10    0.33    2.48 v _249_/X (sky130_fd_sc_hd__or2_4)
                                         _180_ (net)
                  0.10    0.01    2.49 v _258_/B (sky130_fd_sc_hd__nor2_4)
     8    0.05    0.32    0.30    2.79 ^ _258_/Y (sky130_fd_sc_hd__nor2_4)
                                         _189_ (net)
                  0.33    0.00    2.80 ^ _260_/A1 (sky130_fd_sc_hd__o211a_1)
     1    0.00    0.04    0.21    3.01 ^ _260_/X (sky130_fd_sc_hd__o211a_1)
                                         _191_ (net)
                  0.04    0.00    3.01 ^ _261_/B1 (sky130_fd_sc_hd__a31o_1)
     1    0.02    0.17    0.19    3.20 ^ _261_/X (sky130_fd_sc_hd__a31o_1)
                                         _192_ (net)
                  0.17    0.00    3.20 ^ _262_/B2 (sky130_fd_sc_hd__a2bb2o_1)
     1    0.00    0.06    0.18    3.38 ^ _262_/X (sky130_fd_sc_hd__a2bb2o_1)
                                         net20 (net)
                  0.06    0.00    3.38 ^ output20/A (sky130_fd_sc_hd__buf_2)
     1    0.03    0.17    0.21    3.59 ^ output20/X (sky130_fd_sc_hd__buf_2)
                                         out[0] (net)
                  0.17    0.00    3.59 ^ out[0] (out)
                                  3.59   data arrival time

                  0.00   10.00   10.00   clock __VIRTUAL_CLK__ (rise edge)
                          0.00   10.00   clock network delay (ideal)
                         -0.25    9.75   clock uncertainty
                          0.00    9.75   clock reconvergence pessimism
                         -2.00    7.75   output external delay
                                  7.75   data required time
-----------------------------------------------------------------------------
                                  7.75   data required time
                                 -3.59   data arrival time
-----------------------------------------------------------------------------
                                  4.16   slack (MET)



worst slack corner Typical: 2.3139
