
===========================================================================
report_checks -unconstrained
===========================================================================
======================= Fastest Corner ===================================

Startpoint: A[3] (input port clocked by __VIRTUAL_CLK__)
Endpoint: out[6] (output port clocked by __VIRTUAL_CLK__)
Path Group: __VIRTUAL_CLK__
Path Type: max
Corner: Fastest

Fanout     Cap    Slew   Delay    Time   Description
-----------------------------------------------------------------------------
                  0.00    0.00    0.00   clock __VIRTUAL_CLK__ (rise edge)
                          0.00    0.00   clock network delay (ideal)
                          2.00    2.00 ^ input external delay
     1    0.01    0.02    0.01    2.01 ^ A[3] (in)
                                         A[3] (net)
                  0.02    0.00    2.01 ^ input4/A (sky130_fd_sc_hd__buf_6)
     8    0.09    0.14    0.14    2.16 ^ input4/X (sky130_fd_sc_hd__buf_6)
                                         net4 (net)
                  0.14    0.01    2.17 ^ _310_/A (sky130_fd_sc_hd__buf_12)
    10    0.12    0.11    0.14    2.30 ^ _310_/X (sky130_fd_sc_hd__buf_12)
                                         _238_ (net)
                  0.11    0.02    2.32 ^ _425_/A (sky130_fd_sc_hd__and3_1)
     1    0.02    0.16    0.20    2.52 ^ _425_/X (sky130_fd_sc_hd__and3_1)
                                         _102_ (net)
                  0.16    0.00    2.53 ^ _427_/A2 (sky130_fd_sc_hd__a21bo_2)
     1    0.02    0.09    0.16    2.68 ^ _427_/X (sky130_fd_sc_hd__a21bo_2)
                                         _104_ (net)
                  0.09    0.00    2.68 ^ _428_/A (sky130_fd_sc_hd__xor2_4)
     2    0.06    0.31    0.28    2.96 ^ _428_/X (sky130_fd_sc_hd__xor2_4)
                                         _105_ (net)
                  0.31    0.00    2.97 ^ _430_/A (sky130_fd_sc_hd__nand3_4)
     3    0.06    0.18    0.17    3.14 v _430_/Y (sky130_fd_sc_hd__nand3_4)
                                         _107_ (net)
                  0.18    0.01    3.14 v _433_/A2 (sky130_fd_sc_hd__a21o_4)
     3    0.06    0.08    0.25    3.39 v _433_/X (sky130_fd_sc_hd__a21o_4)
                                         _110_ (net)
                  0.08    0.00    3.40 v _435_/A2 (sky130_fd_sc_hd__a21oi_4)
     3    0.05    0.26    0.26    3.66 ^ _435_/Y (sky130_fd_sc_hd__a21oi_4)
                                         _112_ (net)
                  0.27    0.00    3.67 ^ _436_/C1 (sky130_fd_sc_hd__a211oi_4)
     2    0.02    0.06    0.04    3.70 v _436_/Y (sky130_fd_sc_hd__a211oi_4)
                                         _113_ (net)
                  0.06    0.00    3.70 v rebuffer11/A (sky130_fd_sc_hd__dlygate4sd1_1)
     1    0.02    0.07    0.21    3.91 v rebuffer11/X (sky130_fd_sc_hd__dlygate4sd1_1)
                                         net40 (net)
                  0.07    0.00    3.91 v _439_/A (sky130_fd_sc_hd__or2_4)
     1    0.02    0.05    0.19    4.11 v _439_/X (sky130_fd_sc_hd__or2_4)
                                         _116_ (net)
                  0.05    0.00    4.11 v _440_/A1 (sky130_fd_sc_hd__a21bo_4)
     1    0.02    0.04    0.17    4.28 v _440_/X (sky130_fd_sc_hd__a21bo_4)
                                         _117_ (net)
                  0.04    0.00    4.28 v _441_/B (sky130_fd_sc_hd__or2_4)
     1    0.02    0.05    0.17    4.45 v _441_/X (sky130_fd_sc_hd__or2_4)
                                         _118_ (net)
                  0.05    0.00    4.45 v _453_/B1 (sky130_fd_sc_hd__a22oi_4)
     1    0.05    0.24    0.19    4.64 ^ _453_/Y (sky130_fd_sc_hd__a22oi_4)
                                         net26 (net)
                  0.24    0.00    4.64 ^ output26/A (sky130_fd_sc_hd__buf_6)
     1    0.03    0.06    0.11    4.75 ^ output26/X (sky130_fd_sc_hd__buf_6)
                                         out[6] (net)
                  0.06    0.00    4.75 ^ out[6] (out)
                                  4.75   data arrival time

                  0.00   10.00   10.00   clock __VIRTUAL_CLK__ (rise edge)
                          0.00   10.00   clock network delay (ideal)
                         -0.25    9.75   clock uncertainty
                          0.00    9.75   clock reconvergence pessimism
                         -2.00    7.75   output external delay
                                  7.75   data required time
-----------------------------------------------------------------------------
                                  7.75   data required time
                                 -4.75   data arrival time
-----------------------------------------------------------------------------
                                  3.00   slack (MET)



======================= Slowest Corner ===================================

Startpoint: A[3] (input port clocked by __VIRTUAL_CLK__)
Endpoint: out[6] (output port clocked by __VIRTUAL_CLK__)
Path Group: __VIRTUAL_CLK__
Path Type: max
Corner: Slowest

Fanout     Cap    Slew   Delay    Time   Description
-----------------------------------------------------------------------------
                  0.00    0.00    0.00   clock __VIRTUAL_CLK__ (rise edge)
                          0.00    0.00   clock network delay (ideal)
                          2.00    2.00 ^ input external delay
     1    0.01    0.05    0.03    2.03 ^ A[3] (in)
                                         A[3] (net)
                  0.05    0.00    2.03 ^ input4/A (sky130_fd_sc_hd__buf_6)
     8    0.09    0.29    0.35    2.38 ^ input4/X (sky130_fd_sc_hd__buf_6)
                                         net4 (net)
                  0.29    0.01    2.39 ^ _310_/A (sky130_fd_sc_hd__buf_12)
    10    0.12    0.22    0.40    2.78 ^ _310_/X (sky130_fd_sc_hd__buf_12)
                                         _238_ (net)
                  0.22    0.02    2.80 ^ _425_/A (sky130_fd_sc_hd__and3_1)
     1    0.02    0.34    0.57    3.37 ^ _425_/X (sky130_fd_sc_hd__and3_1)
                                         _102_ (net)
                  0.34    0.00    3.37 ^ _427_/A2 (sky130_fd_sc_hd__a21bo_2)
     1    0.02    0.20    0.49    3.87 ^ _427_/X (sky130_fd_sc_hd__a21bo_2)
                                         _104_ (net)
                  0.20    0.00    3.87 ^ _428_/A (sky130_fd_sc_hd__xor2_4)
     2    0.06    0.64    0.68    4.55 ^ _428_/X (sky130_fd_sc_hd__xor2_4)
                                         _105_ (net)
                  0.64    0.00    4.55 ^ _430_/A (sky130_fd_sc_hd__nand3_4)
     3    0.06    0.44    0.60    5.15 v _430_/Y (sky130_fd_sc_hd__nand3_4)
                                         _107_ (net)
                  0.44    0.01    5.16 v _433_/A2 (sky130_fd_sc_hd__a21o_4)
     3    0.06    0.18    0.70    5.86 v _433_/X (sky130_fd_sc_hd__a21o_4)
                                         _110_ (net)
                  0.18    0.00    5.87 v _435_/A2 (sky130_fd_sc_hd__a21oi_4)
     3    0.05    0.56    0.61    6.48 ^ _435_/Y (sky130_fd_sc_hd__a21oi_4)
                                         _112_ (net)
                  0.56    0.00    6.49 ^ _436_/C1 (sky130_fd_sc_hd__a211oi_4)
     2    0.02    0.15    0.24    6.73 v _436_/Y (sky130_fd_sc_hd__a211oi_4)
                                         _113_ (net)
                  0.15    0.00    6.73 v rebuffer11/A (sky130_fd_sc_hd__dlygate4sd1_1)
     1    0.02    0.19    0.66    7.39 v rebuffer11/X (sky130_fd_sc_hd__dlygate4sd1_1)
                                         net40 (net)
                  0.19    0.00    7.39 v _439_/A (sky130_fd_sc_hd__or2_4)
     1    0.02    0.12    0.60    7.99 v _439_/X (sky130_fd_sc_hd__or2_4)
                                         _116_ (net)
                  0.12    0.00    7.99 v _440_/A1 (sky130_fd_sc_hd__a21bo_4)
     1    0.02    0.10    0.47    8.46 v _440_/X (sky130_fd_sc_hd__a21bo_4)
                                         _117_ (net)
                  0.10    0.00    8.46 v _441_/B (sky130_fd_sc_hd__or2_4)
     1    0.02    0.11    0.52    8.98 v _441_/X (sky130_fd_sc_hd__or2_4)
                                         _118_ (net)
                  0.11    0.00    8.98 v _453_/B1 (sky130_fd_sc_hd__a22oi_4)
     1    0.05    0.67    0.62    9.60 ^ _453_/Y (sky130_fd_sc_hd__a22oi_4)
                                         net26 (net)
                  0.67    0.00    9.60 ^ output26/A (sky130_fd_sc_hd__buf_6)
     1    0.03    0.13    0.46   10.06 ^ output26/X (sky130_fd_sc_hd__buf_6)
                                         out[6] (net)
                  0.13    0.00   10.06 ^ out[6] (out)
                                 10.06   data arrival time

                  0.00   10.00   10.00   clock __VIRTUAL_CLK__ (rise edge)
                          0.00   10.00   clock network delay (ideal)
                         -0.25    9.75   clock uncertainty
                          0.00    9.75   clock reconvergence pessimism
                         -2.00    7.75   output external delay
                                  7.75   data required time
-----------------------------------------------------------------------------
                                  7.75   data required time
                                -10.06   data arrival time
-----------------------------------------------------------------------------
                                 -2.31   slack (VIOLATED)



======================= Typical Corner ===================================

Startpoint: A[3] (input port clocked by __VIRTUAL_CLK__)
Endpoint: out[6] (output port clocked by __VIRTUAL_CLK__)
Path Group: __VIRTUAL_CLK__
Path Type: max
Corner: Typical

Fanout     Cap    Slew   Delay    Time   Description
-----------------------------------------------------------------------------
                  0.00    0.00    0.00   clock __VIRTUAL_CLK__ (rise edge)
                          0.00    0.00   clock network delay (ideal)
                          2.00    2.00 ^ input external delay
     1    0.01    0.03    0.02    2.02 ^ A[3] (in)
                                         A[3] (net)
                  0.03    0.00    2.02 ^ input4/A (sky130_fd_sc_hd__buf_6)
     8    0.09    0.18    0.20    2.22 ^ input4/X (sky130_fd_sc_hd__buf_6)
                                         net4 (net)
                  0.18    0.01    2.23 ^ _310_/A (sky130_fd_sc_hd__buf_12)
    10    0.12    0.14    0.21    2.45 ^ _310_/X (sky130_fd_sc_hd__buf_12)
                                         _238_ (net)
                  0.14    0.02    2.46 ^ _425_/A (sky130_fd_sc_hd__and3_1)
     1    0.02    0.22    0.31    2.77 ^ _425_/X (sky130_fd_sc_hd__and3_1)
                                         _102_ (net)
                  0.22    0.00    2.77 ^ _427_/A2 (sky130_fd_sc_hd__a21bo_2)
     1    0.02    0.13    0.25    3.02 ^ _427_/X (sky130_fd_sc_hd__a21bo_2)
                                         _104_ (net)
                  0.13    0.00    3.02 ^ _428_/A (sky130_fd_sc_hd__xor2_4)
     2    0.06    0.42    0.41    3.43 ^ _428_/X (sky130_fd_sc_hd__xor2_4)
                                         _105_ (net)
                  0.42    0.00    3.43 ^ _430_/A (sky130_fd_sc_hd__nand3_4)
     3    0.06    0.24    0.29    3.72 v _430_/Y (sky130_fd_sc_hd__nand3_4)
                                         _107_ (net)
                  0.24    0.01    3.73 v _433_/A2 (sky130_fd_sc_hd__a21o_4)
     3    0.06    0.10    0.38    4.10 v _433_/X (sky130_fd_sc_hd__a21o_4)
                                         _110_ (net)
                  0.10    0.00    4.11 v _435_/A2 (sky130_fd_sc_hd__a21oi_4)
     3    0.05    0.35    0.37    4.48 ^ _435_/Y (sky130_fd_sc_hd__a21oi_4)
                                         _112_ (net)
                  0.35    0.00    4.48 ^ _436_/C1 (sky130_fd_sc_hd__a211oi_4)
     2    0.02    0.10    0.10    4.58 v _436_/Y (sky130_fd_sc_hd__a211oi_4)
                                         _113_ (net)
                  0.10    0.00    4.58 v rebuffer11/A (sky130_fd_sc_hd__dlygate4sd1_1)
     1    0.02    0.10    0.33    4.90 v rebuffer11/X (sky130_fd_sc_hd__dlygate4sd1_1)
                                         net40 (net)
                  0.10    0.00    4.90 v _439_/A (sky130_fd_sc_hd__or2_4)
     1    0.02    0.07    0.31    5.21 v _439_/X (sky130_fd_sc_hd__or2_4)
                                         _116_ (net)
                  0.07    0.00    5.22 v _440_/A1 (sky130_fd_sc_hd__a21bo_4)
     1    0.02    0.06    0.25    5.47 v _440_/X (sky130_fd_sc_hd__a21bo_4)
                                         _117_ (net)
                  0.06    0.00    5.47 v _441_/B (sky130_fd_sc_hd__or2_4)
     1    0.02    0.06    0.27    5.74 v _441_/X (sky130_fd_sc_hd__or2_4)
                                         _118_ (net)
                  0.06    0.00    5.74 v _453_/B1 (sky130_fd_sc_hd__a22oi_4)
     1    0.05    0.43    0.37    6.11 ^ _453_/Y (sky130_fd_sc_hd__a22oi_4)
                                         net26 (net)
                  0.43    0.00    6.11 ^ output26/A (sky130_fd_sc_hd__buf_6)
     1    0.03    0.08    0.21    6.33 ^ output26/X (sky130_fd_sc_hd__buf_6)
                                         out[6] (net)
                  0.08    0.00    6.33 ^ out[6] (out)
                                  6.33   data arrival time

                  0.00   10.00   10.00   clock __VIRTUAL_CLK__ (rise edge)
                          0.00   10.00   clock network delay (ideal)
                         -0.25    9.75   clock uncertainty
                          0.00    9.75   clock reconvergence pessimism
                         -2.00    7.75   output external delay
                                  7.75   data required time
-----------------------------------------------------------------------------
                                  7.75   data required time
                                 -6.33   data arrival time
-----------------------------------------------------------------------------
                                  1.42   slack (MET)




===========================================================================
report_checks --slack_max -0.01
============================================================================
======================= Fastest Corner ===================================

No paths found.

======================= Slowest Corner ===================================

Startpoint: A[3] (input port clocked by __VIRTUAL_CLK__)
Endpoint: out[6] (output port clocked by __VIRTUAL_CLK__)
Path Group: __VIRTUAL_CLK__
Path Type: max
Corner: Slowest

Fanout     Cap    Slew   Delay    Time   Description
-----------------------------------------------------------------------------
                  0.00    0.00    0.00   clock __VIRTUAL_CLK__ (rise edge)
                          0.00    0.00   clock network delay (ideal)
                          2.00    2.00 ^ input external delay
     1    0.01    0.05    0.03    2.03 ^ A[3] (in)
                                         A[3] (net)
                  0.05    0.00    2.03 ^ input4/A (sky130_fd_sc_hd__buf_6)
     8    0.09    0.29    0.35    2.38 ^ input4/X (sky130_fd_sc_hd__buf_6)
                                         net4 (net)
                  0.29    0.01    2.39 ^ _310_/A (sky130_fd_sc_hd__buf_12)
    10    0.12    0.22    0.40    2.78 ^ _310_/X (sky130_fd_sc_hd__buf_12)
                                         _238_ (net)
                  0.22    0.02    2.80 ^ _425_/A (sky130_fd_sc_hd__and3_1)
     1    0.02    0.34    0.57    3.37 ^ _425_/X (sky130_fd_sc_hd__and3_1)
                                         _102_ (net)
                  0.34    0.00    3.37 ^ _427_/A2 (sky130_fd_sc_hd__a21bo_2)
     1    0.02    0.20    0.49    3.87 ^ _427_/X (sky130_fd_sc_hd__a21bo_2)
                                         _104_ (net)
                  0.20    0.00    3.87 ^ _428_/A (sky130_fd_sc_hd__xor2_4)
     2    0.06    0.64    0.68    4.55 ^ _428_/X (sky130_fd_sc_hd__xor2_4)
                                         _105_ (net)
                  0.64    0.00    4.55 ^ _430_/A (sky130_fd_sc_hd__nand3_4)
     3    0.06    0.44    0.60    5.15 v _430_/Y (sky130_fd_sc_hd__nand3_4)
                                         _107_ (net)
                  0.44    0.01    5.16 v _433_/A2 (sky130_fd_sc_hd__a21o_4)
     3    0.06    0.18    0.70    5.86 v _433_/X (sky130_fd_sc_hd__a21o_4)
                                         _110_ (net)
                  0.18    0.00    5.87 v _435_/A2 (sky130_fd_sc_hd__a21oi_4)
     3    0.05    0.56    0.61    6.48 ^ _435_/Y (sky130_fd_sc_hd__a21oi_4)
                                         _112_ (net)
                  0.56    0.00    6.49 ^ _436_/C1 (sky130_fd_sc_hd__a211oi_4)
     2    0.02    0.15    0.24    6.73 v _436_/Y (sky130_fd_sc_hd__a211oi_4)
                                         _113_ (net)
                  0.15    0.00    6.73 v rebuffer11/A (sky130_fd_sc_hd__dlygate4sd1_1)
     1    0.02    0.19    0.66    7.39 v rebuffer11/X (sky130_fd_sc_hd__dlygate4sd1_1)
                                         net40 (net)
                  0.19    0.00    7.39 v _439_/A (sky130_fd_sc_hd__or2_4)
     1    0.02    0.12    0.60    7.99 v _439_/X (sky130_fd_sc_hd__or2_4)
                                         _116_ (net)
                  0.12    0.00    7.99 v _440_/A1 (sky130_fd_sc_hd__a21bo_4)
     1    0.02    0.10    0.47    8.46 v _440_/X (sky130_fd_sc_hd__a21bo_4)
                                         _117_ (net)
                  0.10    0.00    8.46 v _441_/B (sky130_fd_sc_hd__or2_4)
     1    0.02    0.11    0.52    8.98 v _441_/X (sky130_fd_sc_hd__or2_4)
                                         _118_ (net)
                  0.11    0.00    8.98 v _453_/B1 (sky130_fd_sc_hd__a22oi_4)
     1    0.05    0.67    0.62    9.60 ^ _453_/Y (sky130_fd_sc_hd__a22oi_4)
                                         net26 (net)
                  0.67    0.00    9.60 ^ output26/A (sky130_fd_sc_hd__buf_6)
     1    0.03    0.13    0.46   10.06 ^ output26/X (sky130_fd_sc_hd__buf_6)
                                         out[6] (net)
                  0.13    0.00   10.06 ^ out[6] (out)
                                 10.06   data arrival time

                  0.00   10.00   10.00   clock __VIRTUAL_CLK__ (rise edge)
                          0.00   10.00   clock network delay (ideal)
                         -0.25    9.75   clock uncertainty
                          0.00    9.75   clock reconvergence pessimism
                         -2.00    7.75   output external delay
                                  7.75   data required time
-----------------------------------------------------------------------------
                                  7.75   data required time
                                -10.06   data arrival time
-----------------------------------------------------------------------------
                                 -2.31   slack (VIOLATED)



======================= Typical Corner ===================================

No paths found.


===========================================================================
 report_check_types -max_slew -max_cap -max_fanout -violators
============================================================================
======================= Fastest Corner ===================================

max fanout

Pin                                   Limit Fanout  Slack
---------------------------------------------------------
_248_/X                                  10     11        (VIOLATED)
_252_/X                                  10     11        (VIOLATED)
_288_/X                                  10     11        (VIOLATED)


max slew violations count Fastest: 0
max fanout violations count Fastest: 3
max cap violations count Fastest: 0
======================= Slowest Corner ===================================

max slew

Pin                                    Limit    Slew   Slack
------------------------------------------------------------
_336_/B2                                0.75    0.84   -0.09 (VIOLATED)
_335_/Y                                 0.75    0.84   -0.09 (VIOLATED)
_450_/B1                                0.75    0.81   -0.06 (VIOLATED)
_499_/B1                                0.75    0.81   -0.06 (VIOLATED)
_306_/B1                                0.75    0.81   -0.06 (VIOLATED)
_272_/B1                                0.75    0.81   -0.06 (VIOLATED)
_406_/B1                                0.75    0.81   -0.06 (VIOLATED)
_336_/B1                                0.75    0.81   -0.06 (VIOLATED)
_370_/B1                                0.75    0.81   -0.06 (VIOLATED)
_268_/Y                                 0.75    0.81   -0.06 (VIOLATED)

max fanout

Pin                                   Limit Fanout  Slack
---------------------------------------------------------
_248_/X                                  10     11        (VIOLATED)
_252_/X                                  10     11        (VIOLATED)
_288_/X                                  10     11        (VIOLATED)


max slew violations count Slowest: 10
max fanout violations count Slowest: 3
max cap violations count Slowest: 0
======================= Typical Corner ===================================

max fanout

Pin                                   Limit Fanout  Slack
---------------------------------------------------------
_248_/X                                  10     11        (VIOLATED)
_252_/X                                  10     11        (VIOLATED)
_288_/X                                  10     11        (VIOLATED)


max slew violations count Typical: 0
max fanout violations count Typical: 3
max cap violations count Typical: 0

===========================================================================
report_parasitic_annotation -report_unannotated
============================================================================
Found 0 unannotated drivers.
Found 0 partially unannotated drivers.

===========================================================================
max slew violation count 10
max fanout violation count 3
max cap violation count 0
============================================================================

===========================================================================
check_setup -verbose -unconstrained_endpoints -multiple_clock -no_clock -no_input_delay -loops -generated_clocks
===========================================================================
