
===========================================================================
report_checks -unconstrained
===========================================================================
======================= Typical Corner ===================================

Startpoint: _3574_ (rising edge-triggered flip-flop clocked by core_clock)
Endpoint: _3593_ (rising edge-triggered flip-flop clocked by core_clock)
Path Group: core_clock
Path Type: max

Fanout     Cap    Slew   Delay    Time   Description
-----------------------------------------------------------------------------
                          0.00    0.00   clock core_clock (rise edge)
                          0.00    0.00   clock source latency
     1    0.01    0.00    0.00    0.00 ^ clk (in)
                                         clk (net)
                  0.00    0.00    0.00 ^ clkbuf_0_clk/A (sky130_fd_sc_hd__clkbuf_16)
    16    0.07    0.09    0.15    0.15 ^ clkbuf_0_clk/X (sky130_fd_sc_hd__clkbuf_16)
                                         clknet_0_clk (net)
                  0.09    0.00    0.15 ^ clkbuf_4_2_0_clk/A (sky130_fd_sc_hd__clkbuf_8)
    17    0.05    0.09    0.18    0.33 ^ clkbuf_4_2_0_clk/X (sky130_fd_sc_hd__clkbuf_8)
                                         clknet_4_2_0_clk (net)
                  0.09    0.00    0.33 ^ _3574_/CLK (sky130_fd_sc_hd__dfxtp_1)
     5    0.01    0.13    0.38    0.71 ^ _3574_/Q (sky130_fd_sc_hd__dfxtp_1)
                                         clk_div.counter[0] (net)
                  0.13    0.00    0.71 ^ _3058_/A (sky130_fd_sc_hd__and3_1)
     4    0.02    0.17    0.25    0.96 ^ _3058_/X (sky130_fd_sc_hd__and3_1)
                                         _1501_ (net)
                  0.17    0.00    0.96 ^ _3064_/C (sky130_fd_sc_hd__and3_1)
     4    0.01    0.15    0.26    1.22 ^ _3064_/X (sky130_fd_sc_hd__and3_1)
                                         _1505_ (net)
                  0.15    0.00    1.22 ^ _3069_/B (sky130_fd_sc_hd__and2_1)
     4    0.01    0.13    0.21    1.43 ^ _3069_/X (sky130_fd_sc_hd__and2_1)
                                         _1509_ (net)
                  0.13    0.00    1.43 ^ _3075_/C (sky130_fd_sc_hd__and3_1)
     4    0.01    0.14    0.24    1.67 ^ _3075_/X (sky130_fd_sc_hd__and3_1)
                                         _1513_ (net)
                  0.14    0.00    1.67 ^ _3080_/C (sky130_fd_sc_hd__and3_1)
     4    0.01    0.15    0.25    1.91 ^ _3080_/X (sky130_fd_sc_hd__and3_1)
                                         _1516_ (net)
                  0.15    0.00    1.91 ^ _3084_/C (sky130_fd_sc_hd__and3_1)
     3    0.01    0.10    0.22    2.13 ^ _3084_/X (sky130_fd_sc_hd__and3_1)
                                         _1518_ (net)
                  0.10    0.00    2.13 ^ _3088_/B (sky130_fd_sc_hd__and2_1)
     4    0.01    0.13    0.19    2.32 ^ _3088_/X (sky130_fd_sc_hd__and2_1)
                                         _1521_ (net)
                  0.13    0.00    2.32 ^ _3097_/C (sky130_fd_sc_hd__and3_1)
     3    0.01    0.11    0.22    2.54 ^ _3097_/X (sky130_fd_sc_hd__and3_1)
                                         _1527_ (net)
                  0.11    0.00    2.54 ^ _3100_/C (sky130_fd_sc_hd__and3_1)
     4    0.01    0.14    0.23    2.77 ^ _3100_/X (sky130_fd_sc_hd__and3_1)
                                         _1529_ (net)
                  0.14    0.00    2.77 ^ _3104_/C (sky130_fd_sc_hd__and3_1)
     2    0.01    0.11    0.22    2.99 ^ _3104_/X (sky130_fd_sc_hd__and3_1)
                                         _1531_ (net)
                  0.11    0.00    2.99 ^ _3106_/B (sky130_fd_sc_hd__xor2_1)
     1    0.00    0.11    0.15    3.14 ^ _3106_/X (sky130_fd_sc_hd__xor2_1)
                                         _0040_ (net)
                  0.11    0.00    3.14 ^ _3593_/D (sky130_fd_sc_hd__dfxtp_1)
                                  3.14   data arrival time

                         10.00   10.00   clock core_clock (rise edge)
                          0.00   10.00   clock source latency
     1    0.01    0.00    0.00   10.00 ^ clk (in)
                                         clk (net)
                  0.00    0.00   10.00 ^ clkbuf_0_clk/A (sky130_fd_sc_hd__clkbuf_16)
    16    0.07    0.09    0.15   10.15 ^ clkbuf_0_clk/X (sky130_fd_sc_hd__clkbuf_16)
                                         clknet_0_clk (net)
                  0.09    0.00   10.15 ^ clkbuf_4_0_0_clk/A (sky130_fd_sc_hd__clkbuf_8)
    10    0.04    0.08    0.17   10.32 ^ clkbuf_4_0_0_clk/X (sky130_fd_sc_hd__clkbuf_8)
                                         clknet_4_0_0_clk (net)
                  0.08    0.00   10.32 ^ _3593_/CLK (sky130_fd_sc_hd__dfxtp_1)
                          0.00   10.32   clock reconvergence pessimism
                         -0.06   10.26   library setup time
                                 10.26   data required time
-----------------------------------------------------------------------------
                                 10.26   data required time
                                 -3.14   data arrival time
-----------------------------------------------------------------------------
                                  7.12   slack (MET)




===========================================================================
report_checks --slack_max -0.01
============================================================================
======================= Typical Corner ===================================

No paths found.


===========================================================================
 report_check_types -max_slew -max_cap -max_fanout -violators
============================================================================
======================= Typical Corner ===================================


max slew violations count Typical: 0
max fanout violations count Typical: 0
max cap violations count Typical: 0

===========================================================================
report_parasitic_annotation -report_unannotated
============================================================================
Found 16 unannotated drivers.
 Main_18/LO
 clkload0/Y
 clkload1/Y
 clkload10/Y
 clkload11/Y
 clkload12/Y
 clkload13/Y
 clkload14/Y
 clkload2/Y
 clkload3/Y
 clkload4/Y
 clkload5/Y
 clkload6/Y
 clkload7/Y
 clkload8/Y
 clkload9/X
Found 251 partially unannotated drivers.
 clk
 _1764_/X
 _1766_/X
 _1780_/X
 _1812_/X
 _1814_/X
 _1851_/X
 _1862_/Y
 _1933_/X
 _1965_/X
 _1989_/X
 _2045_/X
 _2079_/X
 _2086_/Y
 _2092_/X
 _2093_/X
 _2106_/X
 _2107_/X
 _2108_/X
 _2122_/X
 _2126_/X
 _2128_/Y
 _2145_/X
 _2152_/Y
 _2153_/X
 _2155_/Y
 _2159_/Y
 _2161_/Y
 _2165_/Y
 _2171_/X
 _2173_/X
 _2174_/X
 _2175_/X
 _2183_/X
 _2191_/X
 _2192_/X
 _2193_/X
 _2196_/Y
 _2199_/X
 _2200_/X
 _2208_/Y
 _2213_/X
 _2214_/X
 _2217_/X
 _2221_/X
 _2231_/X
 _2232_/X
 _2234_/X
 _2238_/Y
 _2240_/X
 _2242_/X
 _2243_/Y
 _2244_/X
 _2250_/X
 _2254_/X
 _2258_/X
 _2261_/X
 _2263_/X
 _2264_/X
 _2266_/X
 _2267_/X
 _2274_/X
 _2280_/X
 _2281_/X
 _2284_/X
 _2287_/Y
 _2292_/X
 _2301_/X
 _2303_/X
 _2304_/X
 _2305_/X
 _2311_/X
 _2313_/X
 _2320_/X
 _2323_/X
 _2327_/X
 _2328_/X
 _2332_/X
 _2337_/X
 _2339_/X
 _2343_/X
 _2349_/Y
 _2352_/X
 _2354_/Y
 _2355_/Y
 _2356_/X
 _2358_/X
 _2360_/Y
 _2362_/X
 _2365_/Y
 _2368_/X
 _2375_/X
 _2376_/X
 _2377_/Y
 _2378_/X
 _2382_/Y
 _2383_/Y
 _2385_/Y
 _2387_/X
 _2389_/X
 _2392_/X
 _2393_/X
 _2396_/Y
 _2399_/X
 _2404_/X
 _2405_/X
 _2407_/Y
 _2415_/X
 _2418_/Y
 _2419_/Y
 _2422_/X
 _2425_/Y
 _2426_/X
 _2427_/X
 _2437_/X
 _2447_/Y
 _2451_/Y
 _2461_/X
 _2472_/X
 _2474_/X
 _2485_/X
 _2489_/X
 _2491_/X
 _2494_/Y
 _2497_/Y
 _2500_/Y
 _2501_/X
 _2502_/X
 _2503_/X
 _2506_/X
 _2509_/X
 _2520_/X
 _2522_/X
 _2529_/X
 _2530_/X
 _2531_/X
 _2533_/X
 _2535_/Y
 _2536_/X
 _2541_/X
 _2551_/Y
 _2557_/X
 _2558_/X
 _2560_/Y
 _2561_/X
 _2563_/X
 _2572_/X
 _2581_/Y
 _2583_/Y
 _2592_/X
 _2593_/Y
 _2604_/X
 _2606_/X
 _2609_/X
 _2611_/X
 _2613_/Y
 _2614_/X
 _2615_/X
 _2617_/X
 _2620_/Y
 _2633_/Y
 _2634_/X
 _2635_/Y
 _2637_/X
 _2638_/Y
 _2639_/Y
 _2646_/X
 _2657_/X
 _2659_/X
 _2677_/X
 _2688_/X
 _2697_/Y
 _2699_/X
 _2726_/Y
 _2741_/X
 _2754_/X
 _2757_/X
 _2774_/Y
 _2777_/X
 _2779_/X
 _2787_/Y
 _2789_/X
 _2790_/Y
 _2792_/X
 _2806_/X
 _2820_/X
 _2835_/X
 _2839_/Y
 _2854_/X
 _2855_/Y
 _2872_/Y
 _2883_/Y
 _2884_/X
 _2885_/X
 _2901_/X
 _2902_/X
 _2909_/Y
 _2910_/X
 _2934_/X
 _2935_/X
 _2948_/Y
 _2949_/X
 _2950_/X
 _2962_/Y
 _2963_/X
 _2964_/X
 _2976_/Y
 _2979_/X
 _2988_/Y
 _2996_/X
 _3011_/X
 _3047_/X
 _3075_/X
 _3105_/Y
 _3110_/X
 _3124_/X
 _3126_/X
 _3176_/X
 _3177_/X
 _3240_/X
 _3308_/X
 _3351_/X
 _3376_/X
 _3398_/X
 _3420_/X
 _3422_/X
 _3444_/X
 _3466_/X
 _3487_/X
 _3526_/Q
 _3527_/Q
 _3528_/Q
 _3529_/Q
 _3531_/Q
 _3535_/Q
 _3537_/Q
 _3538_/Q
 _3550_/Q
 _3553_/Q
 _3554_/Q
 _3573_/Q
 _3600_/Q
 _3680_/Q
 _3681_/Q
 _3727_/Q
 clkbuf_0_clk/X
 clkbuf_4_11_0_clk/X
 clkbuf_4_1_0_clk/X
 clkbuf_4_8_0_clk/X
 input1/X
 input2/X

===========================================================================
max slew violation count 0
max fanout violation count 0
max cap violation count 0
============================================================================

===========================================================================
check_setup -verbose -unconstrained_endpoints -multiple_clock -no_clock -no_input_delay -loops -generated_clocks
===========================================================================
Warning: There are 2 input ports missing set_input_delay.
  next
  rst
Warning: There are 87 unclocked register/latch pins.
  _3522_/CLK
  _3523_/CLK
  _3524_/CLK
  _3526_/GATE_N
  _3527_/GATE_N
  _3528_/GATE_N
  _3529_/GATE_N
  _3530_/GATE_N
  _3531_/GATE_N
  _3532_/GATE_N
  _3533_/GATE_N
  _3534_/GATE_N
  _3535_/GATE_N
  _3536_/GATE_N
  _3537_/GATE_N
  _3538_/GATE_N
  _3539_/GATE_N
  _3540_/GATE_N
  _3541_/GATE_N
  _3542_/GATE_N
  _3543_/GATE_N
  _3544_/GATE_N
  _3545_/GATE_N
  _3546_/GATE_N
  _3547_/GATE_N
  _3548_/GATE_N
  _3549_/GATE_N
  _3550_/GATE_N
  _3551_/GATE_N
  _3552_/GATE_N
  _3553_/GATE_N
  _3554_/GATE_N
  _3555_/GATE_N
  _3556_/GATE_N
  _3557_/GATE_N
  _3558_/CLK
  _3559_/CLK
  _3560_/CLK
  _3561_/CLK
  _3562_/CLK
  _3563_/CLK
  _3564_/CLK
  _3566_/CLK
  _3567_/CLK
  _3568_/CLK
  _3569_/CLK
  _3570_/CLK
  _3571_/CLK
  _3572_/CLK
  _3573_/CLK
  _3594_/CLK
  _3595_/CLK
  _3596_/CLK
  _3597_/CLK
  _3598_/CLK
  _3599_/CLK
  _3600_/CLK
  _3601_/CLK
  _3602_/CLK
  _3603_/CLK
  _3604_/CLK
  _3605_/CLK
  _3606_/CLK
  _3607_/CLK
  _3608_/CLK
  _3609_/CLK
  _3610_/CLK
  _3611_/CLK
  _3612_/CLK
  _3613_/CLK
  _3614_/CLK
  _3615_/CLK
  _3616_/CLK
  _3617_/CLK
  _3618_/CLK
  _3619_/CLK
  _3620_/CLK
  _3621_/CLK
  _3622_/CLK
  _3783_/CLK
  _3784_/CLK
  _3785_/CLK
  _3786_/CLK
  _3787_/CLK
  _3788_/CLK
  _3789_/CLK
  _3790_/CLK
Warning: There are 106 unconstrained endpoints.
  an[0]
  an[1]
  an[2]
  an[3]
  an[4]
  an[5]
  an[6]
  an[7]
  cx[0]
  cx[1]
  cx[2]
  cx[3]
  cx[4]
  cx[5]
  cx[6]
  cx[7]
  _3522_/D
  _3523_/D
  _3524_/D
  _3526_/D
  _3527_/D
  _3528_/D
  _3529_/D
  _3530_/D
  _3531_/D
  _3532_/D
  _3533_/D
  _3534_/D
  _3535_/D
  _3536_/D
  _3537_/D
  _3538_/D
  _3539_/D
  _3540_/D
  _3541_/D
  _3542_/D
  _3543_/D
  _3544_/D
  _3545_/D
  _3546_/D
  _3547_/D
  _3548_/D
  _3549_/D
  _3550_/D
  _3551_/D
  _3552_/D
  _3553_/D
  _3554_/D
  _3555_/D
  _3556_/D
  _3557_/D
  _3558_/D
  _3559_/D
  _3560_/D
  _3561_/D
  _3562_/D
  _3563_/D
  _3564_/D
  _3566_/D
  _3567_/D
  _3568_/D
  _3569_/D
  _3570_/D
  _3571_/D
  _3572_/D
  _3573_/D
  _3594_/D
  _3595_/D
  _3596_/D
  _3597_/D
  _3598_/D
  _3599_/D
  _3600_/D
  _3601_/D
  _3602_/D
  _3603_/D
  _3604_/D
  _3605_/D
  _3606_/D
  _3607_/D
  _3608_/D
  _3609_/D
  _3610_/D
  _3611_/D
  _3612_/D
  _3613_/D
  _3614_/D
  _3615_/D
  _3616_/D
  _3617_/D
  _3618_/D
  _3619_/D
  _3620_/D
  _3621_/D
  _3622_/D
  _3783_/D
  _3784_/D
  _3785_/D
  _3786_/D
  _3787_/D
  _3788_/D
  _3789_/D
  _3790_/D
  _3791_/D
  _3792_/D
  _3793_/D
